Component: ARM Compiler 5.06 update 7 (build 960) Tool: armlink [4d3601]

==============================================================================

Section Cross References

    startup_stm32f10x_md.o(RESET) refers to startup_stm32f10x_md.o(STACK) for __initial_sp
    startup_stm32f10x_md.o(RESET) refers to startup_stm32f10x_md.o(.text) for Reset_Handler
    startup_stm32f10x_md.o(RESET) refers to stm32f10x_it.o(i.NMI_Handler) for NMI_Handler
    startup_stm32f10x_md.o(RESET) refers to stm32f10x_it.o(i.HardFault_Handler) for HardFault_Handler
    startup_stm32f10x_md.o(RESET) refers to stm32f10x_it.o(i.MemManage_Handler) for MemManage_Handler
    startup_stm32f10x_md.o(RESET) refers to stm32f10x_it.o(i.BusFault_Handler) for BusFault_Handler
    startup_stm32f10x_md.o(RESET) refers to stm32f10x_it.o(i.UsageFault_Handler) for UsageFault_Handler
    startup_stm32f10x_md.o(RESET) refers to stm32f10x_it.o(i.SVC_Handler) for SVC_Handler
    startup_stm32f10x_md.o(RESET) refers to stm32f10x_it.o(i.DebugMon_Handler) for DebugMon_Handler
    startup_stm32f10x_md.o(RESET) refers to stm32f10x_it.o(i.PendSV_Handler) for PendSV_Handler
    startup_stm32f10x_md.o(RESET) refers to stm32f10x_it.o(i.SysTick_Handler) for SysTick_Handler
    startup_stm32f10x_md.o(RESET) refers to stm32f10x_it.o(i.EXTI9_5_IRQHandler) for EXTI9_5_IRQHandler
    startup_stm32f10x_md.o(RESET) refers to stm32f10x_it.o(i.TIM1_UP_IRQHandler) for TIM1_UP_IRQHandler
    startup_stm32f10x_md.o(RESET) refers to stm32f10x_it.o(i.TIM3_IRQHandler) for TIM3_IRQHandler
    startup_stm32f10x_md.o(.text) refers to system_stm32f10x.o(i.SystemInit) for SystemInit
    startup_stm32f10x_md.o(.text) refers to entry.o(.ARM.Collect$$$$00000000) for __main
    system_stm32f10x.o(i.SetSysClock) refers to system_stm32f10x.o(i.SetSysClockTo72) for SetSysClockTo72
    system_stm32f10x.o(i.SystemCoreClockUpdate) refers to system_stm32f10x.o(.data) for .data
    system_stm32f10x.o(i.SystemInit) refers to system_stm32f10x.o(i.SetSysClock) for SetSysClock
    stm32f10x_adc.o(i.ADC_DeInit) refers to stm32f10x_rcc.o(i.RCC_APB2PeriphResetCmd) for RCC_APB2PeriphResetCmd
    stm32f10x_bkp.o(i.BKP_DeInit) refers to stm32f10x_rcc.o(i.RCC_BackupResetCmd) for RCC_BackupResetCmd
    stm32f10x_can.o(i.CAN_DeInit) refers to stm32f10x_rcc.o(i.RCC_APB1PeriphResetCmd) for RCC_APB1PeriphResetCmd
    stm32f10x_can.o(i.CAN_GetITStatus) refers to stm32f10x_can.o(i.CheckITStatus) for CheckITStatus
    stm32f10x_cec.o(i.CEC_DeInit) refers to stm32f10x_rcc.o(i.RCC_APB1PeriphResetCmd) for RCC_APB1PeriphResetCmd
    stm32f10x_dac.o(i.DAC_DeInit) refers to stm32f10x_rcc.o(i.RCC_APB1PeriphResetCmd) for RCC_APB1PeriphResetCmd
    stm32f10x_flash.o(i.FLASH_EnableWriteProtection) refers to stm32f10x_flash.o(i.FLASH_WaitForLastOperation) for FLASH_WaitForLastOperation
    stm32f10x_flash.o(i.FLASH_EraseAllBank1Pages) refers to stm32f10x_flash.o(i.FLASH_WaitForLastBank1Operation) for FLASH_WaitForLastBank1Operation
    stm32f10x_flash.o(i.FLASH_EraseAllPages) refers to stm32f10x_flash.o(i.FLASH_WaitForLastOperation) for FLASH_WaitForLastOperation
    stm32f10x_flash.o(i.FLASH_EraseOptionBytes) refers to stm32f10x_flash.o(i.FLASH_GetReadOutProtectionStatus) for FLASH_GetReadOutProtectionStatus
    stm32f10x_flash.o(i.FLASH_EraseOptionBytes) refers to stm32f10x_flash.o(i.FLASH_WaitForLastOperation) for FLASH_WaitForLastOperation
    stm32f10x_flash.o(i.FLASH_ErasePage) refers to stm32f10x_flash.o(i.FLASH_WaitForLastOperation) for FLASH_WaitForLastOperation
    stm32f10x_flash.o(i.FLASH_ProgramHalfWord) refers to stm32f10x_flash.o(i.FLASH_WaitForLastOperation) for FLASH_WaitForLastOperation
    stm32f10x_flash.o(i.FLASH_ProgramOptionByteData) refers to stm32f10x_flash.o(i.FLASH_WaitForLastOperation) for FLASH_WaitForLastOperation
    stm32f10x_flash.o(i.FLASH_ProgramWord) refers to stm32f10x_flash.o(i.FLASH_WaitForLastOperation) for FLASH_WaitForLastOperation
    stm32f10x_flash.o(i.FLASH_ReadOutProtection) refers to stm32f10x_flash.o(i.FLASH_WaitForLastOperation) for FLASH_WaitForLastOperation
    stm32f10x_flash.o(i.FLASH_UserOptionByteConfig) refers to stm32f10x_flash.o(i.FLASH_WaitForLastOperation) for FLASH_WaitForLastOperation
    stm32f10x_flash.o(i.FLASH_WaitForLastBank1Operation) refers to stm32f10x_flash.o(i.FLASH_GetBank1Status) for FLASH_GetBank1Status
    stm32f10x_flash.o(i.FLASH_WaitForLastOperation) refers to stm32f10x_flash.o(i.FLASH_GetBank1Status) for FLASH_GetBank1Status
    stm32f10x_gpio.o(i.GPIO_AFIODeInit) refers to stm32f10x_rcc.o(i.RCC_APB2PeriphResetCmd) for RCC_APB2PeriphResetCmd
    stm32f10x_gpio.o(i.GPIO_DeInit) refers to stm32f10x_rcc.o(i.RCC_APB2PeriphResetCmd) for RCC_APB2PeriphResetCmd
    stm32f10x_i2c.o(i.I2C_DeInit) refers to stm32f10x_rcc.o(i.RCC_APB1PeriphResetCmd) for RCC_APB1PeriphResetCmd
    stm32f10x_i2c.o(i.I2C_Init) refers to stm32f10x_rcc.o(i.RCC_GetClocksFreq) for RCC_GetClocksFreq
[...]
    Removing stm32f10x_i2c.o(i.I2C_ITConfig), (20 bytes).
    Removing stm32f10x_i2c.o(i.I2C_Init), (192 bytes).
    Removing stm32f10x_i2c.o(i.I2C_NACKPositionConfig), (26 bytes).
    Removing stm32f10x_i2c.o(i.I2C_OwnAddress2Config), (16 bytes).
    Removing stm32f10x_i2c.o(i.I2C_PECPositionConfig), (26 bytes).
    Removing stm32f10x_i2c.o(i.I2C_ReadRegister), (16 bytes).
    Removing stm32f10x_i2c.o(i.I2C_ReceiveData), (6 bytes).
    Removing stm32f10x_i2c.o(i.I2C_SMBusAlertConfig), (26 bytes).
    Removing stm32f10x_i2c.o(i.I2C_Send7bitAddress), (18 bytes).
    Removing stm32f10x_i2c.o(i.I2C_SendData), (4 bytes).
    Removing stm32f10x_i2c.o(i.I2C_SoftwareResetCmd), (24 bytes).
    Removing stm32f10x_i2c.o(i.I2C_StretchClockCmd), (24 bytes).
    Removing stm32f10x_i2c.o(i.I2C_StructInit), (28 bytes).
    Removing stm32f10x_i2c.o(i.I2C_TransmitPEC), (24 bytes).
    Removing stm32f10x_iwdg.o(i.IWDG_Enable), (16 bytes).
    Removing stm32f10x_iwdg.o(i.IWDG_GetFlagStatus), (20 bytes).
    Removing stm32f10x_iwdg.o(i.IWDG_ReloadCounter), (16 bytes).
    Removing stm32f10x_iwdg.o(i.IWDG_SetPrescaler), (12 bytes).
    Removing stm32f10x_iwdg.o(i.IWDG_SetReload), (12 bytes).
    Removing stm32f10x_iwdg.o(i.IWDG_WriteAccessCmd), (12 bytes).
    Removing stm32f10x_pwr.o(i.PWR_BackupAccessCmd), (12 bytes).
    Removing stm32f10x_pwr.o(i.PWR_ClearFlag), (16 bytes).
    Removing stm32f10x_pwr.o(i.PWR_DeInit), (24 bytes).
    Removing stm32f10x_pwr.o(i.PWR_EnterSTANDBYMode), (40 bytes).
    Removing stm32f10x_pwr.o(i.PWR_EnterSTOPMode), (52 bytes).
    Removing stm32f10x_pwr.o(i.PWR_GetFlagStatus), (20 bytes).
    Removing stm32f10x_pwr.o(i.PWR_PVDCmd), (12 bytes).
    Removing stm32f10x_pwr.o(i.PWR_PVDLevelConfig), (20 bytes).
    Removing stm32f10x_pwr.o(i.PWR_WakeUpPinCmd), (12 bytes).
    Removing stm32f10x_rcc.o(i.RCC_APB1PeriphResetCmd), (28 bytes).
    Removing stm32f10x_rcc.o(i.RCC_APB2PeriphResetCmd), (28 bytes).
    Removing stm32f10x_rcc.o(i.RCC_AdjustHSICalibrationValue), (20 bytes).
    Removing stm32f10x_rcc.o(i.RCC_BackupResetCmd), (12 bytes).
    Removing stm32f10x_rcc.o(i.RCC_ClearFlag), (16 bytes).
    Removing stm32f10x_rcc.o(i.RCC_ClearITPendingBit), (12 bytes).
    Removing stm32f10x_rcc.o(i.RCC_ClockSecuritySystemCmd), (12 bytes).
    Removing stm32f10x_rcc.o(i.RCC_DeInit), (64 bytes).
    Removing stm32f10x_rcc.o(i.RCC_GetFlagStatus), (48 bytes).
    Removing stm32f10x_rcc.o(i.RCC_GetITStatus), (20 bytes).
    Removing stm32f10x_rcc.o(i.RCC_GetSYSCLKSource), (16 bytes).
    Removing stm32f10x_rcc.o(i.RCC_HCLKConfig), (20 bytes).
    Removing stm32f10x_rcc.o(i.RCC_HSEConfig), (56 bytes).
    Removing stm32f10x_rcc.o(i.RCC_HSICmd), (12 bytes).
    Removing stm32f10x_rcc.o(i.RCC_ITConfig), (28 bytes).
    Removing stm32f10x_rcc.o(i.RCC_LSICmd), (12 bytes).
    Removing stm32f10x_rcc.o(i.RCC_MCOConfig), (12 bytes).
    Removing stm32f10x_rcc.o(i.RCC_PCLK1Config), (20 bytes).
    Removing stm32f10x_rcc.o(i.RCC_PCLK2Config), (20 bytes).
    Removing stm32f10x_rcc.o(i.RCC_PLLCmd), (12 bytes).
    Removing stm32f10x_rcc.o(i.RCC_PLLConfig), (20 bytes).
    Removing stm32f10x_rcc.o(i.RCC_RTCCLKCmd), (12 bytes).
    Removing stm32f10x_rcc.o(i.RCC_RTCCLKConfig), (16 bytes).
    Removing stm32f10x_rcc.o(i.RCC_SYSCLKConfig), (20 bytes).
    Removing stm32f10x_rcc.o(i.RCC_USBCLKConfig), (12 bytes).
    Removing stm32f10x_rcc.o(i.RCC_WaitForHSEStartUp), (48 bytes).
    Removing stm32f10x_rtc.o(i.RTC_ClearFlag), (16 bytes).
    Removing stm32f10x_rtc.o(i.RTC_ClearITPendingBit), (16 bytes).
    Removing stm32f10x_rtc.o(i.RTC_EnterConfigMode), (16 bytes).
    Removing stm32f10x_rtc.o(i.RTC_ExitConfigMode), (16 bytes).
    Removing stm32f10x_rtc.o(i.RTC_GetCounter), (20 bytes).
    Removing stm32f10x_rtc.o(i.RTC_GetDivider), (24 bytes).
    Removing stm32f10x_rtc.o(i.RTC_GetFlagStatus), (20 bytes).
    Removing stm32f10x_rtc.o(i.RTC_GetITStatus), (32 bytes).
    Removing stm32f10x_rtc.o(i.RTC_ITConfig), (28 bytes).
    Removing stm32f10x_rtc.o(i.RTC_SetAlarm), (32 bytes).
    Removing stm32f10x_rtc.o(i.RTC_SetCounter), (32 bytes).
    Removing stm32f10x_rtc.o(i.RTC_SetPrescaler), (32 bytes).
    Removing stm32f10x_rtc.o(i.RTC_WaitForLastTask), (16 bytes).
    Removing stm32f10x_rtc.o(i.RTC_WaitForSynchro), (24 bytes).
    Removing stm32f10x_sdio.o(i.SDIO_CEATAITCmd), (16 bytes).
    Removing stm32f10x_sdio.o(i.SDIO_ClearFlag), (12 bytes).
    Removing stm32f10x_sdio.o(i.SDIO_ClearITPendingBit), (12 bytes).
    Removing stm32f10x_sdio.o(i.SDIO_ClockCmd), (12 bytes).
    Removing stm32f10x_sdio.o(i.SDIO_CmdStructInit), (14 bytes).
    Removing stm32f10x_sdio.o(i.SDIO_CommandCompletionCmd), (12 bytes).
    Removing stm32f10x_sdio.o(i.SDIO_DMACmd), (12 bytes).
    Removing stm32f10x_sdio.o(i.SDIO_DataConfig), (44 bytes).
    Removing stm32f10x_sdio.o(i.SDIO_DataStructInit), (20 bytes).
    Removing stm32f10x_sdio.o(i.SDIO_DeInit), (36 bytes).
    Removing stm32f10x_sdio.o(i.SDIO_GetCommandResponse), (12 bytes).
    Removing stm32f10x_sdio.o(i.SDIO_GetDataCounter), (12 bytes).
    Removing stm32f10x_sdio.o(i.SDIO_GetFIFOCount), (12 bytes).
    Removing stm32f10x_sdio.o(i.SDIO_GetFlagStatus), (20 bytes).
    Removing stm32f10x_sdio.o(i.SDIO_GetITStatus), (20 bytes).
    Removing stm32f10x_sdio.o(i.SDIO_GetPowerState), (16 bytes).
    Removing stm32f10x_sdio.o(i.SDIO_GetResponse), (20 bytes).
    Removing stm32f10x_sdio.o(i.SDIO_ITConfig), (28 bytes).
    Removing stm32f10x_sdio.o(i.SDIO_Init), (44 bytes).
    Removing stm32f10x_sdio.o(i.SDIO_ReadData), (12 bytes).
    Removing stm32f10x_sdio.o(i.SDIO_SendCEATACmd), (12 bytes).
    Removing stm32f10x_sdio.o(i.SDIO_SendCommand), (40 bytes).
    Removing stm32f10x_sdio.o(i.SDIO_SendSDIOSuspendCmd), (12 bytes).
    Removing stm32f10x_sdio.o(i.SDIO_SetPowerState), (24 bytes).
    Removing stm32f10x_sdio.o(i.SDIO_SetSDIOOperation), (12 bytes).
    Removing stm32f10x_sdio.o(i.SDIO_SetSDIOReadWaitMode), (12 bytes).
    Removing stm32f10x_sdio.o(i.SDIO_StartSDIOReadWait), (12 bytes).
    Removing stm32f10x_sdio.o(i.SDIO_StopSDIOReadWait), (12 bytes).
    Removing stm32f10x_sdio.o(i.SDIO_StructInit), (16 bytes).
    Removing stm32f10x_sdio.o(i.SDIO_WriteData), (12 bytes).
    Removing stm32f10x_spi.o(i.I2S_Cmd), (24 bytes).
    Removing stm32f10x_spi.o(i.I2S_Init), (168 bytes).
    Removing stm32f10x_spi.o(i.I2S_StructInit), (18 bytes).
    Removing stm32f10x_spi.o(i.SPI_BiDirectionalLineConfig), (26 bytes).
    Removing stm32f10x_spi.o(i.SPI_CalculateCRC), (24 bytes).
    Removing stm32f10x_spi.o(i.SPI_Cmd), (24 bytes).
    Removing stm32f10x_spi.o(i.SPI_DataSizeConfig), (16 bytes).
    Removing stm32f10x_spi.o(i.SPI_GetCRC), (12 bytes).
    Removing stm32f10x_spi.o(i.SPI_GetCRCPolynomial), (4 bytes).
    Removing stm32f10x_spi.o(i.SPI_I2S_ClearFlag), (6 bytes).
    Removing stm32f10x_spi.o(i.SPI_I2S_ClearITPendingBit), (14 bytes).
    Removing stm32f10x_spi.o(i.SPI_I2S_DMACmd), (20 bytes).
    Removing stm32f10x_spi.o(i.SPI_I2S_DeInit), (100 bytes).
    Removing stm32f10x_spi.o(i.SPI_I2S_GetFlagStatus), (14 bytes).
    Removing stm32f10x_spi.o(i.SPI_I2S_GetITStatus), (44 bytes).
    Removing stm32f10x_spi.o(i.SPI_I2S_ITConfig), (28 bytes).
    Removing stm32f10x_spi.o(i.SPI_I2S_ReceiveData), (4 bytes).
    Removing stm32f10x_spi.o(i.SPI_I2S_SendData), (4 bytes).
    Removing stm32f10x_spi.o(i.SPI_Init), (56 bytes).
    Removing stm32f10x_spi.o(i.SPI_NSSInternalSoftwareConfig), (28 bytes).
    Removing stm32f10x_spi.o(i.SPI_SSOutputCmd), (24 bytes).
    Removing stm32f10x_spi.o(i.SPI_StructInit), (24 bytes).
    Removing stm32f10x_spi.o(i.SPI_TransmitCRC), (10 bytes).
    Removing stm32f10x_tim.o(i.TIM_BDTRConfig), (34 bytes).
    Removing stm32f10x_tim.o(i.TIM_BDTRStructInit), (18 bytes).
    Removing stm32f10x_tim.o(i.TIM_CCPreloadControl), (24 bytes).
    Removing stm32f10x_tim.o(i.TIM_CCxCmd), (22 bytes).
    Removing stm32f10x_tim.o(i.TIM_CCxNCmd), (22 bytes).
    Removing stm32f10x_tim.o(i.TIM_ClearFlag), (6 bytes).
    Removing stm32f10x_tim.o(i.TIM_ClearOC1Ref), (12 bytes).
    Removing stm32f10x_tim.o(i.TIM_ClearOC2Ref), (20 bytes).
    Removing stm32f10x_tim.o(i.TIM_ClearOC3Ref), (12 bytes).
    Removing stm32f10x_tim.o(i.TIM_ClearOC4Ref), (20 bytes).
    Removing stm32f10x_tim.o(i.TIM_CounterModeConfig), (12 bytes).
    Removing stm32f10x_tim.o(i.TIM_DMACmd), (20 bytes).
    Removing stm32f10x_tim.o(i.TIM_DMAConfig), (8 bytes).
    Removing stm32f10x_tim.o(i.TIM_DeInit), (528 bytes).
    Removing stm32f10x_tim.o(i.TIM_ETRClockMode1Config), (32 bytes).
    Removing stm32f10x_tim.o(i.TIM_ETRClockMode2Config), (20 bytes).
    Removing stm32f10x_tim.o(i.TIM_ETRConfig), (24 bytes).
    Removing stm32f10x_tim.o(i.TIM_ForcedOC1Config), (12 bytes).
    Removing stm32f10x_tim.o(i.TIM_ForcedOC2Config), (20 bytes).
    Removing stm32f10x_tim.o(i.TIM_ForcedOC3Config), (12 bytes).
    Removing stm32f10x_tim.o(i.TIM_ForcedOC4Config), (20 bytes).
    Removing stm32f10x_tim.o(i.TIM_GenerateEvent), (4 bytes).
    Removing stm32f10x_tim.o(i.TIM_GetCapture1), (4 bytes).
    Removing stm32f10x_tim.o(i.TIM_GetCapture2), (4 bytes).
    Removing stm32f10x_tim.o(i.TIM_GetCapture3), (4 bytes).
    Removing stm32f10x_tim.o(i.TIM_GetCapture4), (6 bytes).
    Removing stm32f10x_tim.o(i.TIM_GetFlagStatus), (14 bytes).
    Removing stm32f10x_tim.o(i.TIM_GetPrescaler), (4 bytes).
    Removing stm32f10x_tim.o(i.TIM_ITRxExternalClockConfig), (20 bytes).
    Removing stm32f10x_tim.o(i.TIM_OC1FastConfig), (12 bytes).
    Removing stm32f10x_tim.o(i.TIM_OC1NPolarityConfig), (12 bytes).
    Removing stm32f10x_tim.o(i.TIM_OC1PolarityConfig), (12 bytes).
    Removing stm32f10x_tim.o(i.TIM_OC2FastConfig), (20 bytes).
    Removing stm32f10x_tim.o(i.TIM_OC2Init), (136 bytes).
    Removing stm32f10x_tim.o(i.TIM_OC2NPolarityConfig), (20 bytes).
    Removing stm32f10x_tim.o(i.TIM_OC2PolarityConfig), (20 bytes).
    Removing stm32f10x_tim.o(i.TIM_OC2PreloadConfig), (20 bytes).
    Removing stm32f10x_tim.o(i.TIM_OC3FastConfig), (12 bytes).
    Removing stm32f10x_tim.o(i.TIM_OC3Init), (132 bytes).
    Removing stm32f10x_tim.o(i.TIM_OC3NPolarityConfig), (20 bytes).
    Removing stm32f10x_tim.o(i.TIM_OC3PolarityConfig), (20 bytes).
    Removing stm32f10x_tim.o(i.TIM_OC3PreloadConfig), (12 bytes).
    Removing stm32f10x_tim.o(i.TIM_OC4FastConfig), (20 bytes).
    Removing stm32f10x_tim.o(i.TIM_OC4PolarityConfig), (20 bytes).
    Removing stm32f10x_tim.o(i.TIM_PWMIConfig), (110 bytes).
    Removing stm32f10x_tim.o(i.TIM_PrescalerConfig), (6 bytes).
    Removing stm32f10x_tim.o(i.TIM_SelectCCDMA), (24 bytes).
    Removing stm32f10x_tim.o(i.TIM_SelectCOM), (24 bytes).
    Removing stm32f10x_tim.o(i.TIM_SelectHallSensor), (24 bytes).
    Removing stm32f10x_tim.o(i.TIM_SelectInputTrigger), (12 bytes).
    Removing stm32f10x_tim.o(i.TIM_SelectMasterSlaveMode), (16 bytes).
    Removing stm32f10x_tim.o(i.TIM_SelectOCxM), (76 bytes).
    Removing stm32f10x_tim.o(i.TIM_SelectOnePulseMode), (16 bytes).
    Removing stm32f10x_tim.o(i.TIM_SelectSlaveMode), (16 bytes).
    Removing stm32f10x_tim.o(i.TIM_SetAutoreload), (4 bytes).
    Removing stm32f10x_tim.o(i.TIM_SetClockDivision), (16 bytes).
    Removing stm32f10x_tim.o(i.TIM_SetCompare1), (4 bytes).
    Removing stm32f10x_tim.o(i.TIM_SetCompare2), (4 bytes).
    Removing stm32f10x_tim.o(i.TIM_SetCompare3), (4 bytes).
    Removing stm32f10x_tim.o(i.TIM_SetCompare4), (6 bytes).
    Removing stm32f10x_tim.o(i.TIM_TIxExternalClockConfig), (48 bytes).
    Removing stm32f10x_tim.o(i.TIM_UpdateDisableConfig), (24 bytes).
    Removing stm32f10x_tim.o(i.TIM_UpdateRequestConfig), (24 bytes).
    Removing stm32f10x_usart.o(i.USART_ClearFlag), (8 bytes).
    Removing stm32f10x_usart.o(i.USART_ClearITPendingBit), (16 bytes).
    Removing stm32f10x_usart.o(i.USART_ClockInit), (30 bytes).
    Removing stm32f10x_usart.o(i.USART_ClockStructInit), (12 bytes).
    Removing stm32f10x_usart.o(i.USART_DMACmd), (20 bytes).
    Removing stm32f10x_usart.o(i.USART_DeInit), (164 bytes).
    Removing stm32f10x_usart.o(i.USART_GetFlagStatus), (14 bytes).
    Removing stm32f10x_usart.o(i.USART_GetITStatus), (64 bytes).
    Removing stm32f10x_usart.o(i.USART_HalfDuplexCmd), (24 bytes).
    Removing stm32f10x_usart.o(i.USART_ITConfig), (54 bytes).
    Removing stm32f10x_usart.o(i.USART_IrDACmd), (24 bytes).
    Removing stm32f10x_usart.o(i.USART_IrDAConfig), (16 bytes).
    Removing stm32f10x_usart.o(i.USART_LINBreakDetectLengthConfig), (16 bytes).
    Removing stm32f10x_usart.o(i.USART_LINCmd), (24 bytes).
    Removing stm32f10x_usart.o(i.USART_OneBitMethodCmd), (24 bytes).
    Removing stm32f10x_usart.o(i.USART_OverSampling8Cmd), (24 bytes).
    Removing stm32f10x_usart.o(i.USART_ReceiveData), (8 bytes).
    Removing stm32f10x_usart.o(i.USART_ReceiverWakeUpCmd), (24 bytes).
    Removing stm32f10x_usart.o(i.USART_SendBreak), (10 bytes).
    Removing stm32f10x_usart.o(i.USART_SendData), (8 bytes).
    Removing stm32f10x_usart.o(i.USART_SetAddress), (16 bytes).
    Removing stm32f10x_usart.o(i.USART_SetGuardTime), (16 bytes).
    Removing stm32f10x_usart.o(i.USART_SetPrescaler), (16 bytes).
    Removing stm32f10x_usart.o(i.USART_SmartCardCmd), (24 bytes).
    Removing stm32f10x_usart.o(i.USART_SmartCardNACKCmd), (24 bytes).
    Removing stm32f10x_usart.o(i.USART_WakeUpConfig), (16 bytes).
    Removing stm32f10x_wwdg.o(i.WWDG_ClearFlag), (12 bytes).
    Removing stm32f10x_wwdg.o(i.WWDG_DeInit), (24 bytes).
    Removing stm32f10x_wwdg.o(i.WWDG_Enable), (16 bytes).
    Removing stm32f10x_wwdg.o(i.WWDG_EnableIT), (12 bytes).
    Removing stm32f10x_wwdg.o(i.WWDG_GetFlagStatus), (12 bytes).
    Removing stm32f10x_wwdg.o(i.WWDG_SetCounter), (16 bytes).
    Removing stm32f10x_wwdg.o(i.WWDG_SetPrescaler), (20 bytes).
    Removing stm32f10x_wwdg.o(i.WWDG_SetWindowValue), (32 bytes).
    Removing timbase.o(i.GetTick), (12 bytes).
    Removing timbase.o(i.system_get_us), (36 bytes).
    Removing usart.o(i.fgetc), (32 bytes).
    Removing usart.o(i.fputc), (36 bytes).
    Removing test.o(i.Encoder_Test), (168 bytes).
    Removing test.o(i.MPU6050_Test), (100 bytes).
    Removing test.o(i.Motor_Test), (646 bytes).
    Removing test.o(i.PID_Compute_Test), (172 bytes).
    Removing test.o(i.PID_CtrlMotor_Test), (180 bytes).
    Removing test.o(i.VoltageOfBattery_Test), (48 bytes).
    Removing test.o(.constdata), (36 bytes).
    Removing dcmotor_brush_control.o(i.Set_Motor_Direction), (124 bytes).
    Removing dcmotor_brush_control.o(i.Set_Motor_Speed), (36 bytes).
    Removing dcmotor_brush_control.o(.data), (4 bytes).
    Removing encoder.o(i.Read_Speed), (64 bytes).
    Removing mpu6050.o(i.Get_Flags), (12 bytes).
    Removing mpu6050.o(i.MPU_Cal_Accelerometer), (116 bytes).
    Removing mpu6050.o(i.MPU_Cal_EulerAngles), (200 bytes).
    Removing mpu6050.o(i.MPU_Cal_EulerAngles_by_Acc), (156 bytes).
    Removing mpu6050.o(i.MPU_Cal_EulerAngles_by_Gyr), (100 bytes).
    Removing mpu6050.o(i.MPU_Cal_Gyroscope), (116 bytes).
    Removing mpu6050.o(i.MPU_Get_Accelerometer), (68 bytes).
    Removing mpu6050.o(i.MPU_Get_Gyroscope), (68 bytes).
    Removing mpu6050.o(i.MPU_Get_Temperature), (84 bytes).
    Removing mpu6050.o(i.MPU_Read_Len), (112 bytes).
    Removing mpu6050.o(i.MPU_Write_Len), (90 bytes).
    Removing fastmath.o(i.Abs_float), (34 bytes).
    Removing fastmath.o(i.acos_lookup), (28 bytes).
    Removing fastmath.o(i.asin_lookup), (332 bytes).
    Removing fastmath.o(i.atan2_lookup), (204 bytes).
    Removing fastmath.o(i.atan_lookup), (288 bytes).
    Removing fastmath.o(i.cos_lookup), (28 bytes).
    Removing fastmath.o(i.find_closest_index), (82 bytes).
    Removing fastmath.o(i.judge_float_equal), (36 bytes).
    Removing fastmath.o(i.pow_custom), (40 bytes).
    Removing fastmath.o(i.sin_lookup), (692 bytes).
    Removing fastmath.o(i.sqrt_newton), (164 bytes).
    Removing fastmath.o(i.tan_lookup), (384 bytes).
    Removing fastmath.o(.constdata), (25136 bytes).
    Removing fadd.o(.text), (176 bytes).
    Removing fscalb.o(.text), (24 bytes).
    Removing dadd.o(.text), (334 bytes).
    Removing dmul.o(.text), (228 bytes).
    Removing ddiv.o(.text), (222 bytes).
    Removing dscalb.o(.text), (46 bytes).
    Removing fflti.o(.text), (18 bytes).
    Removing dflti.o(.text), (34 bytes).
    Removing ffixi.o(.text), (50 bytes).
    Removing ffixui.o(.text), (40 bytes).
    Removing dfixi.o(.text), (62 bytes).
    Removing f2d.o(.text), (38 bytes).
    Removing cdcmple.o(.text), (48 bytes).
    Removing cdrcmple.o(.text), (48 bytes).
    Removing d2f.o(.text), (56 bytes).
    Removing depilogue.o(.text), (186 bytes).
    Removing dfixul.o(.text), (48 bytes).

467 unused section(s) (total 45720 bytes) removed from the image.

==============================================================================

Image Symbol Table

    Local Symbols

    Symbol Name                              Value     Ov Type        Size  Object(Section)

    ../clib/microlib/division.c              0x00000000   Number         0  uidiv.o ABSOLUTE
    ../clib/microlib/division.c              0x00000000   Number         0  uldiv.o ABSOLUTE
    ../clib/microlib/init/entry.s            0x00000000   Number         0  entry11a.o ABSOLUTE
    ../clib/microlib/init/entry.s            0x00000000   Number         0  entry2.o ABSOLUTE
    ../clib/microlib/init/entry.s            0x00000000   Number         0  entry8b.o ABSOLUTE
    ../clib/microlib/init/entry.s            0x00000000   Number         0  entry11b.o ABSOLUTE
    ../clib/microlib/init/entry.s            0x00000000   Number         0  entry12a.o ABSOLUTE
    ../clib/microlib/init/entry.s            0x00000000   Number         0  entry7a.o ABSOLUTE
    ../clib/microlib/init/entry.s            0x00000000   Number         0  entry8a.o ABSOLUTE
    ../clib/microlib/init/entry.s            0x00000000   Number         0  entry9a.o ABSOLUTE
    ../clib/microlib/init/entry.s            0x00000000   Number         0  entry.o ABSOLUTE
    ../clib/microlib/init/entry.s            0x00000000   Number         0  entry7b.o ABSOLUTE
    ../clib/microlib/init/entry.s            0x00000000   Number         0  entry9b.o ABSOLUTE
    ../clib/microlib/init/entry.s            0x00000000   Number         0  entry10a.o ABSOLUTE
    ../clib/microlib/init/entry.s            0x00000000   Number         0  entry12b.o ABSOLUTE
    ../clib/microlib/init/entry.s            0x00000000   Number         0  entry5.o ABSOLUTE
    ../clib/microlib/init/entry.s            0x00000000   Number         0  entry10b.o ABSOLUTE
    ../clib/microlib/longlong.c              0x00000000   Number         0  llushr.o ABSOLUTE
    ../clib/microlib/longlong.c              0x00000000   Number         0  llshl.o ABSOLUTE
    ../clib/microlib/longlong.c              0x00000000   Number         0  llsshr.o ABSOLUTE
    ../clib/microlib/printf/printf.c         0x00000000   Number         0  printf7.o ABSOLUTE
    ../clib/microlib/printf/printf.c         0x00000000   Number         0  printf8.o ABSOLUTE
    ../clib/microlib/printf/printf.c         0x00000000   Number         0  printf0.o ABSOLUTE
    ../clib/microlib/printf/printf.c         0x00000000   Number         0  printfa.o ABSOLUTE
    ../clib/microlib/printf/printf.c         0x00000000   Number         0  printf1.o ABSOLUTE
    ../clib/microlib/printf/printf.c         0x00000000   Number         0  printf2.o ABSOLUTE
    ../clib/microlib/printf/printf.c         0x00000000   Number         0  printf6.o ABSOLUTE
    ../clib/microlib/printf/printf.c         0x00000000   Number         0  printf4.o ABSOLUTE
    ../clib/microlib/printf/printf.c         0x00000000   Number         0  printf3.o ABSOLUTE
    ../clib/microlib/printf/printf.c         0x00000000   Number         0  printf5.o ABSOLUTE
    ../clib/microlib/printf/printf.c         0x00000000   Number         0  printfb.o ABSOLUTE
    ../clib/microlib/printf/stubs.s          0x00000000   Number         0  stubs.o ABSOLUTE
    ../clib/microlib/stdio/streams.c         0x00000000   Number         0  stdout.o ABSOLUTE
    ../clib/microlib/string/memcpy.c         0x00000000   Number         0  memcpya.o ABSOLUTE
    ../clib/microlib/string/memcpy.c         0x00000000   Number         0  memcpyb.o ABSOLUTE
    ../clib/microlib/stubs.s                 0x00000000   Number         0  iusefp.o ABSOLUTE
    ../fplib/microlib/d2f.c                  0x00000000   Number         0  d2f.o ABSOLUTE
    ../fplib/microlib/f2d.c                  0x00000000   Number         0  f2d.o ABSOLUTE
    ../fplib/microlib/fpadd.c                0x00000000   Number         0  fadd.o ABSOLUTE
    ../fplib/microlib/fpadd.c                0x00000000   Number         0  dadd.o ABSOLUTE
    ../fplib/microlib/fpdiv.c                0x00000000   Number         0  ddiv.o ABSOLUTE
    ../fplib/microlib/fpdiv.c                0x00000000   Number         0  fdiv.o ABSOLUTE
    ../fplib/microlib/fpepilogue.c           0x00000000   Number         0  depilogue.o ABSOLUTE
    ../fplib/microlib/fpepilogue.c           0x00000000   Number         0  fepilogue.o ABSOLUTE
    ../fplib/microlib/fpfix.c                0x00000000   Number         0  ffixui.o ABSOLUTE
    ../fplib/microlib/fpfix.c                0x00000000   Number         0  dfixul.o ABSOLUTE
    ../fplib/microlib/fpfix.c                0x00000000   Number         0  dfixi.o ABSOLUTE
    ../fplib/microlib/fpfix.c                0x00000000   Number         0  ffixi.o ABSOLUTE
    ../fplib/microlib/fpflt.c                0x00000000   Number         0  dflti.o ABSOLUTE
    ../fplib/microlib/fpflt.c                0x00000000   Number         0  ffltui.o ABSOLUTE
    ../fplib/microlib/fpflt.c                0x00000000   Number         0  fflti.o ABSOLUTE
    ../fplib/microlib/fpmul.c                0x00000000   Number         0  fmul.o ABSOLUTE
    ../fplib/microlib/fpmul.c                0x00000000   Number         0  dmul.o ABSOLUTE
    ../fplib/microlib/fpscalb.c              0x00000000   Number         0  fscalb.o ABSOLUTE
    ../fplib/microlib/fpscalb.c              0x00000000   Number         0  dscalb.o ABSOLUTE
    ..\Libraries\CMSIS\core_cm3.c            0x00000000   Number         0  core_cm3.o ABSOLUTE
    ..\Libraries\CMSIS\startup\startup_stm32f10x_md.s 0x00000000   Number         0  startup_stm32f10x_md.o ABSOLUTE
    ..\Libraries\CMSIS\system_stm32f10x.c    0x00000000   Number         0  system_stm32f10x.o ABSOLUTE
    ..\Libraries\STM32F10x_StdPeriph_Driver\src\misc.c 0x00000000   Number         0  misc.o ABSOLUTE
    ..\Libraries\STM32F10x_StdPeriph_Driver\src\stm32f10x_adc.c 0x00000000   Number         0  stm32f10x_adc.o ABSOLUTE
    ..\Libraries\STM32F10x_StdPeriph_Driver\src\stm32f10x_bkp.c 0x00000000   Number         0  stm32f10x_bkp.o ABSOLUTE
    ..\Libraries\STM32F10x_StdPeriph_Driver\src\stm32f10x_can.c 0x00000000   Number         0  stm32f10x_can.o ABSOLUTE
    ..\Libraries\STM32F10x_StdPeriph_Driver\src\stm32f10x_cec.c 0x00000000   Number         0  stm32f10x_cec.o ABSOLUTE
    ..\Libraries\STM32F10x_StdPeriph_Driver\src\stm32f10x_crc.c 0x00000000   Number         0  stm32f10x_crc.o ABSOLUTE
    ..\Libraries\STM32F10x_StdPeriph_Driver\src\stm32f10x_dac.c 0x00000000   Number         0  stm32f10x_dac.o ABSOLUTE
    ..\Libraries\STM32F10x_StdPeriph_Driver\src\stm32f10x_dbgmcu.c 0x00000000   Number         0  stm32f10x_dbgmcu.o ABSOLUTE
    ..\Libraries\STM32F10x_StdPeriph_Driver\src\stm32f10x_dma.c 0x00000000   Number         0  stm32f10x_dma.o ABSOLUTE
    ..\Libraries\STM32F10x_StdPeriph_Driver\src\stm32f10x_exti.c 0x00000000   Number         0  stm32f10x_exti.o ABSOLUTE
    ..\Libraries\STM32F10x_StdPeriph_Driver\src\stm32f10x_flash.c 0x00000000   Number         0  stm32f10x_flash.o ABSOLUTE
    ..\Libraries\STM32F10x_StdPeriph_Driver\src\stm32f10x_fsmc.c 0x00000000   Number         0  stm32f10x_fsmc.o ABSOLUTE
    ..\Libraries\STM32F10x_StdPeriph_Driver\src\stm32f10x_gpio.c 0x00000000   Number         0  stm32f10x_gpio.o ABSOLUTE
    ..\Libraries\STM32F10x_StdPeriph_Driver\src\stm32f10x_i2c.c 0x00000000   Number         0  stm32f10x_i2c.o ABSOLUTE
    ..\Libraries\STM32F10x_StdPeriph_Driver\src\stm32f10x_iwdg.c 0x00000000   Number         0  stm32f10x_iwdg.o ABSOLUTE
    ..\Libraries\STM32F10x_StdPeriph_Driver\src\stm32f10x_pwr.c 0x00000000   Number         0  stm32f10x_pwr.o ABSOLUTE
    ..\Libraries\STM32F10x_StdPeriph_Driver\src\stm32f10x_rcc.c 0x00000000   Number         0  stm32f10x_rcc.o ABSOLUTE
    ..\Libraries\STM32F10x_StdPeriph_Driver\src\stm32f10x_rtc.c 0x00000000   Number         0  stm32f10x_rtc.o ABSOLUTE
    ..\Libraries\STM32F10x_StdPeriph_Driver\src\stm32f10x_sdio.c 0x00000000   Number         0  stm32f10x_sdio.o ABSOLUTE
    ..\Libraries\STM32F10x_StdPeriph_Driver\src\stm32f10x_spi.c 0x00000000   Number         0  stm32f10x_spi.o ABSOLUTE
    ..\Libraries\STM32F10x_StdPeriph_Driver\src\stm32f10x_tim.c 0x00000000   Number         0  stm32f10x_tim.o ABSOLUTE
    ..\Libraries\STM32F10x_StdPeriph_Driver\src\stm32f10x_usart.c 0x00000000   Number         0  stm32f10x_usart.o ABSOLUTE
    ..\Libraries\STM32F10x_StdPeriph_Driver\src\stm32f10x_wwdg.c 0x00000000   Number         0  stm32f10x_wwdg.o ABSOLUTE
    ..\User\DCmotor_brush\DCmotor_brush_control.c 0x00000000   Number         0  dcmotor_brush_control.o ABSOLUTE
    ..\User\FastMath\fastmath.c              0x00000000   Number         0  fastmath.o ABSOLUTE
    ..\User\LED\led.c                        0x00000000   Number         0  led.o ABSOLUTE
    ..\User\MPU6050\mpu6050.c                0x00000000   Number         0  mpu6050.o ABSOLUTE
    ..\User\MPU6050\mpu_soft_iic.c           0x00000000   Number         0  mpu_soft_iic.o ABSOLUTE
    ..\User\PID\PID.c                        0x00000000   Number         0  pid.o ABSOLUTE
    ..\User\TimBase\Timbase.c                0x00000000   Number         0  timbase.o ABSOLUTE
    ..\User\adc\adc.c                        0x00000000   Number         0  adc.o ABSOLUTE
    ..\User\encoder\encoder.c                0x00000000   Number         0  encoder.o ABSOLUTE
    ..\User\exti\exti.c                      0x00000000   Number         0  exti.o ABSOLUTE
    ..\User\main.c                           0x00000000   Number         0  main.o ABSOLUTE
    ..\User\stm32f10x_it.c                   0x00000000   Number         0  stm32f10x_it.o ABSOLUTE
    ..\User\test\test.c                      0x00000000   Number         0  test.o ABSOLUTE
    ..\User\usart\usart.c                    0x00000000   Number         0  usart.o ABSOLUTE
    ..\\Libraries\\CMSIS\\core_cm3.c         0x00000000   Number         0  core_cm3.o ABSOLUTE
    cdcmple.s                                0x00000000   Number         0  cdcmple.o ABSOLUTE
    cdrcmple.s                               0x00000000   Number         0  cdrcmple.o ABSOLUTE
    cfcmple.s                                0x00000000   Number         0  cfcmple.o ABSOLUTE
    dc.s                                     0x00000000   Number         0  dc.o ABSOLUTE
    handlers.s                               0x00000000   Number         0  handlers.o ABSOLUTE
    init.s                                   0x00000000   Number         0  init.o ABSOLUTE
    RESET                                    0x08000000   Section      236  startup_stm32f10x_md.o(RESET)
    .ARM.Collect$$$$00000000                 0x080000ec   Section        0  entry.o(.ARM.Collect$$$$00000000)
    .ARM.Collect$$$$00000001                 0x080000ec   Section        4  entry2.o(.ARM.Collect$$$$00000001)
    .ARM.Collect$$$$00000004                 0x080000f0   Section        4  entry5.o(.ARM.Collect$$$$00000004)
    .ARM.Collect$$$$00000008                 0x080000f4   Section        0  entry7b.o(.ARM.Collect$$$$00000008)
    .ARM.Collect$$$$0000000A                 0x080000f4   Section        0  entry8b.o(.ARM.Collect$$$$0000000A)
    .ARM.Collect$$$$0000000B                 0x080000f4   Section        8  entry9a.o(.ARM.Collect$$$$0000000B)
    .ARM.Collect$$$$0000000E                 0x080000fc   Section        4  entry12b.o(.ARM.Collect$$$$0000000E)
    .ARM.Collect$$$$0000000F                 0x08000100   Section        0  entry10a.o(.ARM.Collect$$$$0000000F)
    .ARM.Collect$$$$00000011                 0x08000100   Section        0  entry11a.o(.ARM.Collect$$$$00000011)
    .ARM.Collect$$$$00002712                 0x08000100   Section        4  entry2.o(.ARM.Collect$$$$00002712)
    __lit__00000000                          0x08000100   Data           4  entry2.o(.ARM.Collect$$$$00002712)
    .text                                    0x08000104   Section       36  startup_stm32f10x_md.o(.text)
    .text                                    0x08000128   Section        0  fmul.o(.text)
    .text                                    0x0800018c   Section        0  fdiv.o(.text)
    .text                                    0x08000208   Section        0  ffltui.o(.text)
    .text                                    0x08000214   Section       20  cfcmple.o(.text)
    .text                                    0x08000228   Section        0  iusefp.o(.text)
    .text                                    0x08000228   Section        0  fepilogue.o(.text)
    .text                                    0x08000298   Section       36  init.o(.text)
    i.ADC_Cmd                                0x080002bc   Section        0  stm32f10x_adc.o(i.ADC_Cmd)
    i.ADC_Config                             0x080002d4   Section        0  adc.o(i.ADC_Config)
    i.ADC_DMACmd                             0x08000314   Section        0  stm32f10x_adc.o(i.ADC_DMACmd)
    i.ADC_ExternalTrigConvCmd                0x0800032c   Section        0  stm32f10x_adc.o(i.ADC_ExternalTrigConvCmd)
    i.ADC_GPIO_Init                          0x08000344   Section        0  adc.o(i.ADC_GPIO_Init)
    ADC_GPIO_Init                            0x08000345   Thumb Code    38  adc.o(i.ADC_GPIO_Init)
    i.ADC_GetCalibrationStatus               0x08000370   Section        0  stm32f10x_adc.o(i.ADC_GetCalibrationStatus)
    i.ADC_GetResetCalibrationStatus          0x0800037e   Section        0  stm32f10x_adc.o(i.ADC_GetResetCalibrationStatus)
    i.ADC_Init                               0x0800038c   Section        0  stm32f10x_adc.o(i.ADC_Init)
    i.ADC_Register_Init                      0x080003d4   Section        0  adc.o(i.ADC_Register_Init)
    ADC_Register_Init                        0x080003d5   Thumb Code    94  adc.o(i.ADC_Register_Init)
    i.ADC_RegularChannelConfig               0x08000438   Section        0  stm32f10x_adc.o(i.ADC_RegularChannelConfig)
    i.ADC_ResetCalibration                   0x080004ac   Section        0  stm32f10x_adc.o(i.ADC_ResetCalibration)
    i.ADC_StartCalibration                   0x080004b6   Section        0  stm32f10x_adc.o(i.ADC_StartCalibration)
    i.ADC_StructInit                         0x080004c0   Section        0  stm32f10x_adc.o(i.ADC_StructInit)
    i.BASIC_TIM_Config                       0x080004d4   Section        0  timbase.o(i.BASIC_TIM_Config)
    i.BusFault_Handler                       0x080004f0   Section        0  stm32f10x_it.o(i.BusFault_Handler)
    i.DMA_ClearFlag                          0x080004f4   Section        0  stm32f10x_dma.o(i.DMA_ClearFlag)
    i.DMA_Cmd                                0x0800050c   Section        0  stm32f10x_dma.o(i.DMA_Cmd)
    i.DMA_GetFlagStatus                      0x08000528   Section        0  stm32f10x_dma.o(i.DMA_GetFlagStatus)
    i.DMA_Init                               0x0800054c   Section        0  stm32f10x_dma.o(i.DMA_Init)
    i.DMA_Register_Init                      0x08000588   Section        0  adc.o(i.DMA_Register_Init)
    DMA_Register_Init                        0x08000589   Thumb Code    84  adc.o(i.DMA_Register_Init)
    i.DMA_StructInit                         0x080005e8   Section        0  stm32f10x_dma.o(i.DMA_StructInit)
    i.DebugMon_Handler                       0x08000602   Section        0  stm32f10x_it.o(i.DebugMon_Handler)
    i.Display_VoltageOfBattery_byLED         0x08000604   Section        0  adc.o(i.Display_VoltageOfBattery_byLED)
    i.EXTI9_5_IRQHandler                     0x080006c4   Section        0  stm32f10x_it.o(i.EXTI9_5_IRQHandler)
    i.EXTI_ClearITPendingBit                 0x080006f4   Section        0  stm32f10x_exti.o(i.EXTI_ClearITPendingBit)
    i.EXTI_GetITStatus                       0x08000700   Section        0  stm32f10x_exti.o(i.EXTI_GetITStatus)
    i.EXTI_Init                              0x08000720   Section        0  stm32f10x_exti.o(i.EXTI_Init)
    i.EXTI_StructInit                        0x08000794   Section        0  stm32f10x_exti.o(i.EXTI_StructInit)
    i.Encoder_GPIO_Init                      0x080007a4   Section        0  encoder.o(i.Encoder_GPIO_Init)
    Encoder_GPIO_Init                        0x080007a5   Thumb Code    56  encoder.o(i.Encoder_GPIO_Init)
    i.Encoder_Init                           0x080007e4   Section        0  encoder.o(i.Encoder_Init)
    i.Encoder_TIM_Init                       0x080007f4   Section        0  encoder.o(i.Encoder_TIM_Init)
    Encoder_TIM_Init                         0x080007f5   Thumb Code   190  encoder.o(i.Encoder_TIM_Init)
    i.GPIO_EXTILineConfig                    0x080008b8   Section        0  stm32f10x_gpio.o(i.GPIO_EXTILineConfig)
    i.GPIO_Init                              0x080008e0   Section        0  stm32f10x_gpio.o(i.GPIO_Init)
    i.GPIO_PinRemapConfig                    0x08000988   Section        0  stm32f10x_gpio.o(i.GPIO_PinRemapConfig)
    i.GPIO_ReadInputDataBit                  0x080009e4   Section        0  stm32f10x_gpio.o(i.GPIO_ReadInputDataBit)
    i.GPIO_ResetBits                         0x080009f2   Section        0  stm32f10x_gpio.o(i.GPIO_ResetBits)
    i.GPIO_SetBits                           0x080009f6   Section        0  stm32f10x_gpio.o(i.GPIO_SetBits)
    i.GPIO_StructInit                        0x080009fa   Section        0  stm32f10x_gpio.o(i.GPIO_StructInit)
    i.Get_VoltageOfBattery                   0x08000a0c   Section        0  adc.o(i.Get_VoltageOfBattery)
    i.HardFault_Handler                      0x08000a3c   Section        0  stm32f10x_it.o(i.HardFault_Handler)
    i.IncTick                                0x08000a40   Section        0  timbase.o(i.IncTick)
    i.LED_GPIO_Config                        0x08000a50   Section        0  led.o(i.LED_GPIO_Config)
    i.MOTOR_IN_GPIO_Init                     0x08000a94   Section        0  dcmotor_brush_control.o(i.MOTOR_IN_GPIO_Init)
    MOTOR_IN_GPIO_Init                       0x08000a95   Thumb Code    92  dcmotor_brush_control.o(i.MOTOR_IN_GPIO_Init)
    i.MOTOR_PWM_GPIO_Init                    0x08000af4   Section        0  dcmotor_brush_control.o(i.MOTOR_PWM_GPIO_Init)
    MOTOR_PWM_GPIO_Init                      0x08000af5   Thumb Code    70  dcmotor_brush_control.o(i.MOTOR_PWM_GPIO_Init)
    i.MOTOR_PWM_TIM_Init                     0x08000b40   Section        0  dcmotor_brush_control.o(i.MOTOR_PWM_TIM_Init)
    MOTOR_PWM_TIM_Init                       0x08000b41   Thumb Code   138  dcmotor_brush_control.o(i.MOTOR_PWM_TIM_Init)
    i.MPU6050_EXTI_Init                      0x08000bd0   Section        0  exti.o(i.MPU6050_EXTI_Init)
    i.MPU_IIC_Ack                            0x08000c30   Section        0  mpu_soft_iic.o(i.MPU_IIC_Ack)
    i.MPU_IIC_Delay                          0x08000c74   Section        0  mpu_soft_iic.o(i.MPU_IIC_Delay)
    i.MPU_IIC_Init                           0x08000c80   Section        0  mpu_soft_iic.o(i.MPU_IIC_Init)
    i.MPU_IIC_NAck                           0x08000cd0   Section        0  mpu_soft_iic.o(i.MPU_IIC_NAck)
    i.MPU_IIC_Read_Byte                      0x08000d14   Section        0  mpu_soft_iic.o(i.MPU_IIC_Read_Byte)
    i.MPU_IIC_Send_Byte                      0x08000d78   Section        0  mpu_soft_iic.o(i.MPU_IIC_Send_Byte)
    i.MPU_IIC_Start                          0x08000dd8   Section        0  mpu_soft_iic.o(i.MPU_IIC_Start)
    i.MPU_IIC_Stop                           0x08000e1c   Section        0  mpu_soft_iic.o(i.MPU_IIC_Stop)
    i.MPU_IIC_Wait_Ack                       0x08000e60   Section        0  mpu_soft_iic.o(i.MPU_IIC_Wait_Ack)
    i.MPU_Init                               0x08000ebc   Section        0  mpu6050.o(i.MPU_Init)
    i.MPU_Read_Byte                          0x08000f2e   Section        0  mpu6050.o(i.MPU_Read_Byte)
    i.MPU_Set_Accel_Fsr                      0x08000f68   Section        0  mpu6050.o(i.MPU_Set_Accel_Fsr)
    i.MPU_Set_Gyro_Fsr                       0x08000fa4   Section        0  mpu6050.o(i.MPU_Set_Gyro_Fsr)
    i.MPU_Set_LPF                            0x08000fe8   Section        0  mpu6050.o(i.MPU_Set_LPF)
    i.MPU_Set_Rate                           0x08001018   Section        0  mpu6050.o(i.MPU_Set_Rate)
    i.MPU_Write_Byte                         0x0800104c   Section        0  mpu6050.o(i.MPU_Write_Byte)
    i.MemManage_Handler                      0x08001090   Section        0  stm32f10x_it.o(i.MemManage_Handler)
    i.Motor_Init                             0x08001092   Section        0  dcmotor_brush_control.o(i.Motor_Init)
    i.NMI_Handler                            0x080010a8   Section        0  stm32f10x_it.o(i.NMI_Handler)
    i.NVIC_Configuration                     0x080010aa   Section        0  timbase.o(i.NVIC_Configuration)
    NVIC_Configuration                       0x080010ab   Thumb Code    36  timbase.o(i.NVIC_Configuration)
    i.NVIC_Configuration                     0x080010ce   Section        0  dcmotor_brush_control.o(i.NVIC_Configuration)
    NVIC_Configuration                       0x080010cf   Thumb Code    36  dcmotor_brush_control.o(i.NVIC_Configuration)
    i.NVIC_Configuration                     0x080010f2   Section        0  exti.o(i.NVIC_Configuration)
    NVIC_Configuration                       0x080010f3   Thumb Code    34  exti.o(i.NVIC_Configuration)
    i.NVIC_Init                              0x08001114   Section        0  misc.o(i.NVIC_Init)
    i.NVIC_PriorityGroupConfig               0x08001178   Section        0  misc.o(i.NVIC_PriorityGroupConfig)
    i.PendSV_Handler                         0x0800118c   Section        0  stm32f10x_it.o(i.PendSV_Handler)
    i.RCC_ADCCLKConfig                       0x08001190   Section        0  stm32f10x_rcc.o(i.RCC_ADCCLKConfig)
    i.RCC_AHBPeriphClockCmd                  0x080011a4   Section        0  stm32f10x_rcc.o(i.RCC_AHBPeriphClockCmd)
    i.RCC_APB1PeriphClockCmd                 0x080011c0   Section        0  stm32f10x_rcc.o(i.RCC_APB1PeriphClockCmd)
    i.RCC_APB2PeriphClockCmd                 0x080011dc   Section        0  stm32f10x_rcc.o(i.RCC_APB2PeriphClockCmd)
    i.RCC_GetClocksFreq                      0x080011f8   Section        0  stm32f10x_rcc.o(i.RCC_GetClocksFreq)
    i.RCC_LSEConfig                          0x080012a4   Section        0  stm32f10x_rcc.o(i.RCC_LSEConfig)
    i.SVC_Handler                            0x080012cc   Section        0  stm32f10x_it.o(i.SVC_Handler)
    i.SetSysClock                            0x080012ce   Section        0  system_stm32f10x.o(i.SetSysClock)
    SetSysClock                              0x080012cf   Thumb Code     4  system_stm32f10x.o(i.SetSysClock)
    i.SetSysClockTo72                        0x080012d4   Section        0  system_stm32f10x.o(i.SetSysClockTo72)
    SetSysClockTo72                          0x080012d5   Thumb Code   166  system_stm32f10x.o(i.SetSysClockTo72)
    i.Set_Flags                              0x08001384   Section        0  mpu6050.o(i.Set_Flags)
    i.SysTick_Handler                        0x08001390   Section        0  stm32f10x_it.o(i.SysTick_Handler)
    i.SystemInit                             0x08001394   Section        0  system_stm32f10x.o(i.SystemInit)
    i.TI1_Config                             0x080013e4   Section        0  stm32f10x_tim.o(i.TI1_Config)
    TI1_Config                               0x080013e5   Thumb Code    94  stm32f10x_tim.o(i.TI1_Config)
    i.TI2_Config                             0x08001458   Section        0  stm32f10x_tim.o(i.TI2_Config)
    TI2_Config                               0x08001459   Thumb Code   102  stm32f10x_tim.o(i.TI2_Config)
    i.TI3_Config                             0x080014d4   Section        0  stm32f10x_tim.o(i.TI3_Config)
    TI3_Config                               0x080014d5   Thumb Code    98  stm32f10x_tim.o(i.TI3_Config)
    i.TI4_Config                             0x0800154c   Section        0  stm32f10x_tim.o(i.TI4_Config)
    TI4_Config                               0x0800154d   Thumb Code   102  stm32f10x_tim.o(i.TI4_Config)
    i.TIM1_UP_IRQHandler                     0x080015c8   Section        0  stm32f10x_it.o(i.TIM1_UP_IRQHandler)
    i.TIM3_IRQHandler                        0x08001654   Section        0  stm32f10x_it.o(i.TIM3_IRQHandler)
    i.TIM_ARRPreloadConfig                   0x0800167c   Section        0  stm32f10x_tim.o(i.TIM_ARRPreloadConfig)
    i.TIM_ClearITPendingBit                  0x08001694   Section        0  stm32f10x_tim.o(i.TIM_ClearITPendingBit)
    i.TIM_Cmd                                0x0800169a   Section        0  stm32f10x_tim.o(i.TIM_Cmd)
    i.TIM_CtrlPWMOutputs                     0x080016b2   Section        0  stm32f10x_tim.o(i.TIM_CtrlPWMOutputs)
    i.TIM_EncoderInterfaceConfig             0x080016ce   Section        0  stm32f10x_tim.o(i.TIM_EncoderInterfaceConfig)
    i.TIM_GetCounter                         0x08001700   Section        0  stm32f10x_tim.o(i.TIM_GetCounter)
    i.TIM_GetITStatus                        0x08001704   Section        0  stm32f10x_tim.o(i.TIM_GetITStatus)
    i.TIM_ICInit                             0x0800171c   Section        0  stm32f10x_tim.o(i.TIM_ICInit)
    i.TIM_ICStructInit                       0x080017a8   Section        0  stm32f10x_tim.o(i.TIM_ICStructInit)
    i.TIM_ITConfig                           0x080017b8   Section        0  stm32f10x_tim.o(i.TIM_ITConfig)
    i.TIM_InternalClockConfig                0x080017cc   Section        0  stm32f10x_tim.o(i.TIM_InternalClockConfig)
    i.TIM_OC1Init                            0x080017d8   Section        0  stm32f10x_tim.o(i.TIM_OC1Init)
    i.TIM_OC1PreloadConfig                   0x08001860   Section        0  stm32f10x_tim.o(i.TIM_OC1PreloadConfig)
    i.TIM_OC4Init                            0x0800186c   Section        0  stm32f10x_tim.o(i.TIM_OC4Init)
    i.TIM_OC4PreloadConfig                   0x080018d4   Section        0  stm32f10x_tim.o(i.TIM_OC4PreloadConfig)
    i.TIM_OCStructInit                       0x080018e8   Section        0  stm32f10x_tim.o(i.TIM_OCStructInit)
    i.TIM_Register_Init                      0x080018fc   Section        0  timbase.o(i.TIM_Register_Init)
    TIM_Register_Init                        0x080018fd   Thumb Code    84  timbase.o(i.TIM_Register_Init)
    i.TIM_SelectOutputTrigger                0x08001954   Section        0  stm32f10x_tim.o(i.TIM_SelectOutputTrigger)
    i.TIM_SetCounter                         0x08001964   Section        0  stm32f10x_tim.o(i.TIM_SetCounter)
    i.TIM_SetIC1Prescaler                    0x08001968   Section        0  stm32f10x_tim.o(i.TIM_SetIC1Prescaler)
    i.TIM_SetIC2Prescaler                    0x08001978   Section        0  stm32f10x_tim.o(i.TIM_SetIC2Prescaler)
    i.TIM_SetIC3Prescaler                    0x08001990   Section        0  stm32f10x_tim.o(i.TIM_SetIC3Prescaler)
    i.TIM_SetIC4Prescaler                    0x080019a0   Section        0  stm32f10x_tim.o(i.TIM_SetIC4Prescaler)
    i.TIM_TimeBaseInit                       0x080019b8   Section        0  stm32f10x_tim.o(i.TIM_TimeBaseInit)
    i.TIM_TimeBaseStructInit                 0x08001a54   Section        0  stm32f10x_tim.o(i.TIM_TimeBaseStructInit)
    i.USART1_Config                          0x08001a68   Section        0  usart.o(i.USART1_Config)
    i.USART1_GPIO_Init                       0x08001a84   Section        0  usart.o(i.USART1_GPIO_Init)
    USART1_GPIO_Init                         0x08001a85   Thumb Code    68  usart.o(i.USART1_GPIO_Init)
    i.USART1_Register_Init                   0x08001acc   Section        0  usart.o(i.USART1_Register_Init)
    USART1_Register_Init                     0x08001acd   Thumb Code    56  usart.o(i.USART1_Register_Init)
    i.USART_Cmd                              0x08001b08   Section        0  stm32f10x_usart.o(i.USART_Cmd)
    i.USART_Init                             0x08001b20   Section        0  stm32f10x_usart.o(i.USART_Init)
    i.USART_StructInit                       0x08001bdc   Section        0  stm32f10x_usart.o(i.USART_StructInit)
    i.UsageFault_Handler                     0x08001bf2   Section        0  stm32f10x_it.o(i.UsageFault_Handler)
    i.__scatterload_copy                     0x08001bf4   Section       14  handlers.o(i.__scatterload_copy)
    i.__scatterload_null                     0x08001c02   Section        2  handlers.o(i.__scatterload_null)
    i.__scatterload_zeroinit                 0x08001c04   Section       14  handlers.o(i.__scatterload_zeroinit)
    i.main                                   0x08001c12   Section        0  main.o(i.main)
    i.mdelay                                 0x08001c54   Section        0  timbase.o(i.mdelay)
    i.udelay                                 0x08001c70   Section        0  timbase.o(i.udelay)
    .data                                    0x20000000   Section       20  stm32f10x_rcc.o(.data)
    ADCPrescTable                            0x20000000   Data           4  stm32f10x_rcc.o(.data)
    APBAHBPrescTable                         0x20000004   Data          16  stm32f10x_rcc.o(.data)
    .data                                    0x20000014   Section        4  stm32f10x_it.o(.data)
    count                                    0x20000014   Data           4  stm32f10x_it.o(.data)
    .data                                    0x20000018   Section        2  adc.o(.data)
    .data                                    0x2000001c   Section        4  timbase.o(.data)
    .data                                    0x20000020   Section        1  led.o(.data)
    .data                                    0x20000024   Section       20  mpu6050.o(.data)
    Data_updated_Flag                        0x20000024   Data           1  mpu6050.o(.data)
    Accel_range                              0x20000025   Data           1  mpu6050.o(.data)
    Gyro_range                               0x20000026   Data           2  mpu6050.o(.data)
    FreOfSample                              0x20000028   Data           2  mpu6050.o(.data)
    Yaw_g                                    0x2000002c   Data           4  mpu6050.o(.data)
    Pitch_g                                  0x20000030   Data           4  mpu6050.o(.data)
    Roll_g                                   0x20000034   Data           4  mpu6050.o(.data)
    STACK                                    0x20000038   Section     1024  startup_stm32f10x_md.o(STACK)

    Global Symbols

    Symbol Name                              Value     Ov Type        Size  Object(Section)

    BuildAttributes$$THM_ISAv4$P$D$K$B$S$PE$A:L22UL41UL21$X:L11$S22US41US21$IEEE1$IW$USESV6$~STKCKD$USESV7$~SHL$OTIME$ROPI$EBA8$MICROLIB$REQ8$PRES8$EABIv2 0x00000000   Number         0  anon$$obj.o ABSOLUTE
    __ARM_use_no_argv                        0x00000000   Number         0  main.o ABSOLUTE
    _printf_a                                0x00000000   Number         0  stubs.o ABSOLUTE
    _printf_c                                0x00000000   Number         0  stubs.o ABSOLUTE
    _printf_charcount                        0x00000000   Number         0  stubs.o ABSOLUTE
    _printf_d                                0x00000000   Number         0  stubs.o ABSOLUTE
    _printf_e                                0x00000000   Number         0  stubs.o ABSOLUTE
    _printf_f                                0x00000000   Number         0  stubs.o ABSOLUTE
    _printf_flags                            0x00000000   Number         0  stubs.o ABSOLUTE
    _printf_fp_dec                           0x00000000   Number         0  stubs.o ABSOLUTE
    _printf_fp_hex                           0x00000000   Number         0  stubs.o ABSOLUTE
    _printf_g                                0x00000000   Number         0  stubs.o ABSOLUTE
    _printf_i                                0x00000000   Number         0  stubs.o ABSOLUTE
    _printf_int_dec                          0x00000000   Number         0  stubs.o ABSOLUTE
    _printf_l                                0x00000000   Number         0  stubs.o ABSOLUTE
    _printf_lc                               0x00000000   Number         0  stubs.o ABSOLUTE
    _printf_ll                               0x00000000   Number         0  stubs.o ABSOLUTE
    _printf_lld                              0x00000000   Number         0  stubs.o ABSOLUTE
    _printf_lli                              0x00000000   Number         0  stubs.o ABSOLUTE
    _printf_llo                              0x00000000   Number         0  stubs.o ABSOLUTE
    _printf_llu                              0x00000000   Number         0  stubs.o ABSOLUTE
    _printf_llx                              0x00000000   Number         0  stubs.o ABSOLUTE
    _printf_longlong_dec                     0x00000000   Number         0  stubs.o ABSOLUTE
    _printf_longlong_hex                     0x00000000   Number         0  stubs.o ABSOLUTE
    _printf_longlong_oct                     0x00000000   Number         0  stubs.o ABSOLUTE
    _printf_ls                               0x00000000   Number         0  stubs.o ABSOLUTE
    _printf_mbtowc                           0x00000000   Number         0  stubs.o ABSOLUTE
    _printf_n                                0x00000000   Number         0  stubs.o ABSOLUTE
    _printf_o                                0x00000000   Number         0  stubs.o ABSOLUTE
    _printf_p                                0x00000000   Number         0  stubs.o ABSOLUTE
    _printf_percent                          0x00000000   Number         0  stubs.o ABSOLUTE
    _printf_pre_padding                      0x00000000   Number         0  stubs.o ABSOLUTE
    _printf_return_value                     0x00000000   Number         0  stubs.o ABSOLUTE
    _printf_s                                0x00000000   Number         0  stubs.o ABSOLUTE
    _printf_sizespec                         0x00000000   Number         0  stubs.o ABSOLUTE
    _printf_str                              0x00000000   Number         0  stubs.o ABSOLUTE
    _printf_truncate_signed                  0x00000000   Number         0  stubs.o ABSOLUTE
    _printf_truncate_unsigned                0x00000000   Number         0  stubs.o ABSOLUTE
    _printf_u                                0x00000000   Number         0  stubs.o ABSOLUTE
    _printf_wc                               0x00000000   Number         0  stubs.o ABSOLUTE
    _printf_wctomb                           0x00000000   Number         0  stubs.o ABSOLUTE
    _printf_widthprec                        0x00000000   Number         0  stubs.o ABSOLUTE
    _printf_x                                0x00000000   Number         0  stubs.o ABSOLUTE
    __arm_fini_                               - Undefined Weak Reference
    __cpp_initialize__aeabi_                  - Undefined Weak Reference
    __cxa_finalize                            - Undefined Weak Reference
    __decompress                              - Undefined Weak Reference
    _clock_init                               - Undefined Weak Reference
    _microlib_exit                            - Undefined Weak Reference
    __Vectors_Size                           0x000000ec   Number         0  startup_stm32f10x_md.o ABSOLUTE
    __Vectors                                0x08000000   Data           4  startup_stm32f10x_md.o(RESET)
    __Vectors_End                            0x080000ec   Data           0  startup_stm32f10x_md.o(RESET)
    __main                                   0x080000ed   Thumb Code     0  entry.o(.ARM.Collect$$$$00000000)
    _main_stk                                0x080000ed   Thumb Code     0  entry2.o(.ARM.Collect$$$$00000001)
    _main_scatterload                        0x080000f1   Thumb Code     0  entry5.o(.ARM.Collect$$$$00000004)
    __main_after_scatterload                 0x080000f5   Thumb Code     0  entry5.o(.ARM.Collect$$$$00000004)
    _main_clock                              0x080000f5   Thumb Code     0  entry7b.o(.ARM.Collect$$$$00000008)
    _main_cpp_init                           0x080000f5   Thumb Code     0  entry8b.o(.ARM.Collect$$$$0000000A)
    _main_init                               0x080000f5   Thumb Code     0  entry9a.o(.ARM.Collect$$$$0000000B)
    __rt_lib_shutdown_fini                   0x080000fd   Thumb Code     0  entry12b.o(.ARM.Collect$$$$0000000E)
    __rt_final_cpp                           0x08000101   Thumb Code     0  entry10a.o(.ARM.Collect$$$$0000000F)
    __rt_final_exit                          0x08000101   Thumb Code     0  entry11a.o(.ARM.Collect$$$$00000011)
    Reset_Handler                            0x08000105   Thumb Code     8  startup_stm32f10x_md.o(.text)
    ADC1_2_IRQHandler                        0x0800011f   Thumb Code     0  startup_stm32f10x_md.o(.text)
    CAN1_RX1_IRQHandler                      0x0800011f   Thumb Code     0  startup_stm32f10x_md.o(.text)
    CAN1_SCE_IRQHandler                      0x0800011f   Thumb Code     0  startup_stm32f10x_md.o(.text)
    DMA1_Channel1_IRQHandler                 0x0800011f   Thumb Code     0  startup_stm32f10x_md.o(.text)
    DMA1_Channel2_IRQHandler                 0x0800011f   Thumb Code     0  startup_stm32f10x_md.o(.text)
    DMA1_Channel3_IRQHandler                 0x0800011f   Thumb Code     0  startup_stm32f10x_md.o(.text)
    DMA1_Channel4_IRQHandler                 0x0800011f   Thumb Code     0  startup_stm32f10x_md.o(.text)
    DMA1_Channel5_IRQHandler                 0x0800011f   Thumb Code     0  startup_stm32f10x_md.o(.text)
    DMA1_Channel6_IRQHandler                 0x0800011f   Thumb Code     0  startup_stm32f10x_md.o(.text)
    DMA1_Channel7_IRQHandler                 0x0800011f   Thumb Code     0  startup_stm32f10x_md.o(.text)
    EXTI0_IRQHandler                         0x0800011f   Thumb Code     0  startup_stm32f10x_md.o(.text)
    EXTI15_10_IRQHandler                     0x0800011f   Thumb Code     0  startup_stm32f10x_md.o(.text)
    EXTI1_IRQHandler                         0x0800011f   Thumb Code     0  startup_stm32f10x_md.o(.text)
    EXTI2_IRQHandler                         0x0800011f   Thumb Code     0  startup_stm32f10x_md.o(.text)
    EXTI3_IRQHandler                         0x0800011f   Thumb Code     0  startup_stm32f10x_md.o(.text)
    EXTI4_IRQHandler                         0x0800011f   Thumb Code     0  startup_stm32f10x_md.o(.text)
    FLASH_IRQHandler                         0x0800011f   Thumb Code     0  startup_stm32f10x_md.o(.text)
    I2C1_ER_IRQHandler                       0x0800011f   Thumb Code     0  startup_stm32f10x_md.o(.text)
    I2C1_EV_IRQHandler                       0x0800011f   Thumb Code     0  startup_stm32f10x_md.o(.text)
    I2C2_ER_IRQHandler                       0x0800011f   Thumb Code     0  startup_stm32f10x_md.o(.text)
    I2C2_EV_IRQHandler                       0x0800011f   Thumb Code     0  startup_stm32f10x_md.o(.text)
    PVD_IRQHandler                           0x0800011f   Thumb Code     0  startup_stm32f10x_md.o(.text)
    RCC_IRQHandler                           0x0800011f   Thumb Code     0  startup_stm32f10x_md.o(.text)
    RTCAlarm_IRQHandler                      0x0800011f   Thumb Code     0  startup_stm32f10x_md.o(.text)
    RTC_IRQHandler                           0x0800011f   Thumb Code     0  startup_stm32f10x_md.o(.text)
    SPI1_IRQHandler                          0x0800011f   Thumb Code     0  startup_stm32f10x_md.o(.text)
    SPI2_IRQHandler                          0x0800011f   Thumb Code     0  startup_stm32f10x_md.o(.text)
    TAMPER_IRQHandler                        0x0800011f   Thumb Code     0  startup_stm32f10x_md.o(.text)
    TIM1_BRK_IRQHandler                      0x0800011f   Thumb Code     0  startup_stm32f10x_md.o(.text)
    TIM1_CC_IRQHandler                       0x0800011f   Thumb Code     0  startup_stm32f10x_md.o(.text)
    TIM1_TRG_COM_IRQHandler                  0x0800011f   Thumb Code     0  startup_stm32f10x_md.o(.text)
    TIM2_IRQHandler                          0x0800011f   Thumb Code     0  startup_stm32f10x_md.o(.text)
    TIM4_IRQHandler                          0x0800011f   Thumb Code     0  startup_stm32f10x_md.o(.text)
    USART1_IRQHandler                        0x0800011f   Thumb Code     0  startup_stm32f10x_md.o(.text)
    USART2_IRQHandler                        0x0800011f   Thumb Code     0  startup_stm32f10x_md.o(.text)
    USART3_IRQHandler                        0x0800011f   Thumb Code     0  startup_stm32f10x_md.o(.text)
    USBWakeUp_IRQHandler                     0x0800011f   Thumb Code     0  startup_stm32f10x_md.o(.text)
    USB_HP_CAN1_TX_IRQHandler                0x0800011f   Thumb Code     0  startup_stm32f10x_md.o(.text)
    USB_LP_CAN1_RX0_IRQHandler               0x0800011f   Thumb Code     0  startup_stm32f10x_md.o(.text)
    WWDG_IRQHandler                          0x0800011f   Thumb Code     0  startup_stm32f10x_md.o(.text)
    __aeabi_fmul                             0x08000129   Thumb Code   100  fmul.o(.text)
    __aeabi_fdiv                             0x0800018d   Thumb Code   124  fdiv.o(.text)
    __aeabi_ui2f                             0x08000209   Thumb Code    10  ffltui.o(.text)
    __aeabi_cfcmpeq                          0x08000215   Thumb Code     0  cfcmple.o(.text)
    __aeabi_cfcmple                          0x08000215   Thumb Code    20  cfcmple.o(.text)
    __I$use$fp                               0x08000229   Thumb Code     0  iusefp.o(.text)
    _float_round                             0x08000229   Thumb Code    18  fepilogue.o(.text)
    _float_epilogue                          0x0800023b   Thumb Code    92  fepilogue.o(.text)
    __scatterload                            0x08000299   Thumb Code    28  init.o(.text)
    __scatterload_rt2                        0x08000299   Thumb Code     0  init.o(.text)
    ADC_Cmd                                  0x080002bd   Thumb Code    24  stm32f10x_adc.o(i.ADC_Cmd)
    ADC_Config                               0x080002d5   Thumb Code    58  adc.o(i.ADC_Config)
    ADC_DMACmd                               0x08000315   Thumb Code    24  stm32f10x_adc.o(i.ADC_DMACmd)
    ADC_ExternalTrigConvCmd                  0x0800032d   Thumb Code    24  stm32f10x_adc.o(i.ADC_ExternalTrigConvCmd)
    ADC_GetCalibrationStatus                 0x08000371   Thumb Code    14  stm32f10x_adc.o(i.ADC_GetCalibrationStatus)
    ADC_GetResetCalibrationStatus            0x0800037f   Thumb Code    14  stm32f10x_adc.o(i.ADC_GetResetCalibrationStatus)
    ADC_Init                                 0x0800038d   Thumb Code    62  stm32f10x_adc.o(i.ADC_Init)
    ADC_RegularChannelConfig                 0x08000439   Thumb Code   116  stm32f10x_adc.o(i.ADC_RegularChannelConfig)
    ADC_ResetCalibration                     0x080004ad   Thumb Code    10  stm32f10x_adc.o(i.ADC_ResetCalibration)
    ADC_StartCalibration                     0x080004b7   Thumb Code    10  stm32f10x_adc.o(i.ADC_StartCalibration)
    ADC_StructInit                           0x080004c1   Thumb Code    18  stm32f10x_adc.o(i.ADC_StructInit)
    BASIC_TIM_Config                         0x080004d5   Thumb Code    22  timbase.o(i.BASIC_TIM_Config)
    BusFault_Handler                         0x080004f1   Thumb Code     2  stm32f10x_it.o(i.BusFault_Handler)
    DMA_ClearFlag                            0x080004f5   Thumb Code    16  stm32f10x_dma.o(i.DMA_ClearFlag)
    DMA_Cmd                                  0x0800050d   Thumb Code    26  stm32f10x_dma.o(i.DMA_Cmd)
    DMA_GetFlagStatus                        0x08000529   Thumb Code    26  stm32f10x_dma.o(i.DMA_GetFlagStatus)
    DMA_Init                                 0x0800054d   Thumb Code    58  stm32f10x_dma.o(i.DMA_Init)
    DMA_StructInit                           0x080005e9   Thumb Code    26  stm32f10x_dma.o(i.DMA_StructInit)
    DebugMon_Handler                         0x08000603   Thumb Code     2  stm32f10x_it.o(i.DebugMon_Handler)
    Display_VoltageOfBattery_byLED           0x08000605   Thumb Code   164  adc.o(i.Display_VoltageOfBattery_byLED)
    EXTI9_5_IRQHandler                       0x080006c5   Thumb Code    42  stm32f10x_it.o(i.EXTI9_5_IRQHandler)
    EXTI_ClearITPendingBit                   0x080006f5   Thumb Code     6  stm32f10x_exti.o(i.EXTI_ClearITPendingBit)
    EXTI_GetITStatus                         0x08000701   Thumb Code    28  stm32f10x_exti.o(i.EXTI_GetITStatus)
    EXTI_Init                                0x08000721   Thumb Code   110  stm32f10x_exti.o(i.EXTI_Init)
    EXTI_StructInit                          0x08000795   Thumb Code    14  stm32f10x_exti.o(i.EXTI_StructInit)
    Encoder_Init                             0x080007e5   Thumb Code    14  encoder.o(i.Encoder_Init)
    GPIO_EXTILineConfig                      0x080008b9   Thumb Code    34  stm32f10x_gpio.o(i.GPIO_EXTILineConfig)
    GPIO_Init                                0x080008e1   Thumb Code   166  stm32f10x_gpio.o(i.GPIO_Init)
    GPIO_PinRemapConfig                      0x08000989   Thumb Code    86  stm32f10x_gpio.o(i.GPIO_PinRemapConfig)
    GPIO_ReadInputDataBit                    0x080009e5   Thumb Code    14  stm32f10x_gpio.o(i.GPIO_ReadInputDataBit)
    GPIO_ResetBits                           0x080009f3   Thumb Code     4  stm32f10x_gpio.o(i.GPIO_ResetBits)
    GPIO_SetBits                             0x080009f7   Thumb Code     4  stm32f10x_gpio.o(i.GPIO_SetBits)
    GPIO_StructInit                          0x080009fb   Thumb Code    16  stm32f10x_gpio.o(i.GPIO_StructInit)
    Get_VoltageOfBattery                     0x08000a0d   Thumb Code    32  adc.o(i.Get_VoltageOfBattery)
    HardFault_Handler                        0x08000a3d   Thumb Code     2  stm32f10x_it.o(i.HardFault_Handler)
    IncTick                                  0x08000a41   Thumb Code    10  timbase.o(i.IncTick)
    LED_GPIO_Config                          0x08000a51   Thumb Code    62  led.o(i.LED_GPIO_Config)
    MPU6050_EXTI_Init                        0x08000bd1   Thumb Code    90  exti.o(i.MPU6050_EXTI_Init)
    MPU_IIC_Ack                              0x08000c31   Thumb Code    64  mpu_soft_iic.o(i.MPU_IIC_Ack)
    MPU_IIC_Delay                            0x08000c75   Thumb Code    12  mpu_soft_iic.o(i.MPU_IIC_Delay)
    MPU_IIC_Init                             0x08000c81   Thumb Code    70  mpu_soft_iic.o(i.MPU_IIC_Init)
    MPU_IIC_NAck                             0x08000cd1   Thumb Code    64  mpu_soft_iic.o(i.MPU_IIC_NAck)
    MPU_IIC_Read_Byte                        0x08000d15   Thumb Code    96  mpu_soft_iic.o(i.MPU_IIC_Read_Byte)
    MPU_IIC_Send_Byte                        0x08000d79   Thumb Code    92  mpu_soft_iic.o(i.MPU_IIC_Send_Byte)
    MPU_IIC_Start                            0x08000dd9   Thumb Code    64  mpu_soft_iic.o(i.MPU_IIC_Start)
    MPU_IIC_Stop                             0x08000e1d   Thumb Code    64  mpu_soft_iic.o(i.MPU_IIC_Stop)
    MPU_IIC_Wait_Ack                         0x08000e61   Thumb Code    88  mpu_soft_iic.o(i.MPU_IIC_Wait_Ack)
    MPU_Init                                 0x08000ebd   Thumb Code   114  mpu6050.o(i.MPU_Init)
    MPU_Read_Byte                            0x08000f2f   Thumb Code    58  mpu6050.o(i.MPU_Read_Byte)
    MPU_Set_Accel_Fsr                        0x08000f69   Thumb Code    56  mpu6050.o(i.MPU_Set_Accel_Fsr)
    MPU_Set_Gyro_Fsr                         0x08000fa5   Thumb Code    62  mpu6050.o(i.MPU_Set_Gyro_Fsr)
    MPU_Set_LPF                              0x08000fe9   Thumb Code    48  mpu6050.o(i.MPU_Set_LPF)
    MPU_Set_Rate                             0x08001019   Thumb Code    48  mpu6050.o(i.MPU_Set_Rate)
    MPU_Write_Byte                           0x0800104d   Thumb Code    68  mpu6050.o(i.MPU_Write_Byte)
    MemManage_Handler                        0x08001091   Thumb Code     2  stm32f10x_it.o(i.MemManage_Handler)
    Motor_Init                               0x08001093   Thumb Code    22  dcmotor_brush_control.o(i.Motor_Init)
    NMI_Handler                              0x080010a9   Thumb Code     2  stm32f10x_it.o(i.NMI_Handler)
    NVIC_Init                                0x08001115   Thumb Code    96  misc.o(i.NVIC_Init)
    NVIC_PriorityGroupConfig                 0x08001179   Thumb Code    10  misc.o(i.NVIC_PriorityGroupConfig)
    PendSV_Handler                           0x0800118d   Thumb Code     2  stm32f10x_it.o(i.PendSV_Handler)
    RCC_ADCCLKConfig                         0x08001191   Thumb Code    14  stm32f10x_rcc.o(i.RCC_ADCCLKConfig)
    RCC_AHBPeriphClockCmd                    0x080011a5   Thumb Code    22  stm32f10x_rcc.o(i.RCC_AHBPeriphClockCmd)
    RCC_APB1PeriphClockCmd                   0x080011c1   Thumb Code    22  stm32f10x_rcc.o(i.RCC_APB1PeriphClockCmd)
    RCC_APB2PeriphClockCmd                   0x080011dd   Thumb Code    22  stm32f10x_rcc.o(i.RCC_APB2PeriphClockCmd)
    RCC_GetClocksFreq                        0x080011f9   Thumb Code   154  stm32f10x_rcc.o(i.RCC_GetClocksFreq)
    RCC_LSEConfig                            0x080012a5   Thumb Code    34  stm32f10x_rcc.o(i.RCC_LSEConfig)
    SVC_Handler                              0x080012cd   Thumb Code     2  stm32f10x_it.o(i.SVC_Handler)
    Set_Flags                                0x08001385   Thumb Code     6  mpu6050.o(i.Set_Flags)
    SysTick_Handler                          0x08001391   Thumb Code     2  stm32f10x_it.o(i.SysTick_Handler)
    SystemInit                               0x08001395   Thumb Code    64  system_stm32f10x.o(i.SystemInit)
    TIM1_UP_IRQHandler                       0x080015c9   Thumb Code   118  stm32f10x_it.o(i.TIM1_UP_IRQHandler)
    TIM3_IRQHandler                          0x08001655   Thumb Code    34  stm32f10x_it.o(i.TIM3_IRQHandler)
    TIM_ARRPreloadConfig                     0x0800167d   Thumb Code    24  stm32f10x_tim.o(i.TIM_ARRPreloadConfig)
    TIM_ClearITPendingBit                    0x08001695   Thumb Code     6  stm32f10x_tim.o(i.TIM_ClearITPendingBit)
    TIM_Cmd                                  0x0800169b   Thumb Code    24  stm32f10x_tim.o(i.TIM_Cmd)
    TIM_CtrlPWMOutputs                       0x080016b3   Thumb Code    28  stm32f10x_tim.o(i.TIM_CtrlPWMOutputs)
    TIM_EncoderInterfaceConfig               0x080016cf   Thumb Code    50  stm32f10x_tim.o(i.TIM_EncoderInterfaceConfig)
    TIM_GetCounter                           0x08001701   Thumb Code     4  stm32f10x_tim.o(i.TIM_GetCounter)
    TIM_GetITStatus                          0x08001705   Thumb Code    24  stm32f10x_tim.o(i.TIM_GetITStatus)
    TIM_ICInit                               0x0800171d   Thumb Code   122  stm32f10x_tim.o(i.TIM_ICInit)
    TIM_ICStructInit                         0x080017a9   Thumb Code    16  stm32f10x_tim.o(i.TIM_ICStructInit)
    TIM_ITConfig                             0x080017b9   Thumb Code    20  stm32f10x_tim.o(i.TIM_ITConfig)
    TIM_InternalClockConfig                  0x080017cd   Thumb Code    10  stm32f10x_tim.o(i.TIM_InternalClockConfig)
    TIM_OC1Init                              0x080017d9   Thumb Code   114  stm32f10x_tim.o(i.TIM_OC1Init)
    TIM_OC1PreloadConfig                     0x08001861   Thumb Code    12  stm32f10x_tim.o(i.TIM_OC1PreloadConfig)
    TIM_OC4Init                              0x0800186d   Thumb Code    94  stm32f10x_tim.o(i.TIM_OC4Init)
    TIM_OC4PreloadConfig                     0x080018d5   Thumb Code    20  stm32f10x_tim.o(i.TIM_OC4PreloadConfig)
    TIM_OCStructInit                         0x080018e9   Thumb Code    20  stm32f10x_tim.o(i.TIM_OCStructInit)
    TIM_SelectOutputTrigger                  0x08001955   Thumb Code    16  stm32f10x_tim.o(i.TIM_SelectOutputTrigger)
    TIM_SetCounter                           0x08001965   Thumb Code     4  stm32f10x_tim.o(i.TIM_SetCounter)
    TIM_SetIC1Prescaler                      0x08001969   Thumb Code    16  stm32f10x_tim.o(i.TIM_SetIC1Prescaler)
    TIM_SetIC2Prescaler                      0x08001979   Thumb Code    24  stm32f10x_tim.o(i.TIM_SetIC2Prescaler)
    TIM_SetIC3Prescaler                      0x08001991   Thumb Code    16  stm32f10x_tim.o(i.TIM_SetIC3Prescaler)
    TIM_SetIC4Prescaler                      0x080019a1   Thumb Code    24  stm32f10x_tim.o(i.TIM_SetIC4Prescaler)
    TIM_TimeBaseInit                         0x080019b9   Thumb Code   114  stm32f10x_tim.o(i.TIM_TimeBaseInit)
    TIM_TimeBaseStructInit                   0x08001a55   Thumb Code    18  stm32f10x_tim.o(i.TIM_TimeBaseStructInit)
    USART1_Config                            0x08001a69   Thumb Code    22  usart.o(i.USART1_Config)
    USART_Cmd                                0x08001b09   Thumb Code    24  stm32f10x_usart.o(i.USART_Cmd)
    USART_Init                               0x08001b21   Thumb Code   182  stm32f10x_usart.o(i.USART_Init)
    USART_StructInit                         0x08001bdd   Thumb Code    22  stm32f10x_usart.o(i.USART_StructInit)
    UsageFault_Handler                       0x08001bf3   Thumb Code     2  stm32f10x_it.o(i.UsageFault_Handler)
    __scatterload_copy                       0x08001bf5   Thumb Code    14  handlers.o(i.__scatterload_copy)
    __scatterload_null                       0x08001c03   Thumb Code     2  handlers.o(i.__scatterload_null)
    __scatterload_zeroinit                   0x08001c05   Thumb Code    14  handlers.o(i.__scatterload_zeroinit)
    main                                     0x08001c13   Thumb Code    66  main.o(i.main)
    mdelay                                   0x08001c55   Thumb Code    26  timbase.o(i.mdelay)
    udelay                                   0x08001c71   Thumb Code    80  timbase.o(i.udelay)
    Region$$Table$$Base                      0x08001cc4   Number         0  anon$$obj.o(Region$$Table)
    Region$$Table$$Limit                     0x08001ce4   Number         0  anon$$obj.o(Region$$Table)
    ADC_ConvertedValue                       0x20000018   Data           2  adc.o(.data)
    uwTick                                   0x2000001c   Data           4  timbase.o(.data)
    pwm_duty                                 0x20000020   Data           1  led.o(.data)
    __initial_sp                             0x20000438   Data           0  startup_stm32f10x_md.o(STACK)



==============================================================================

Memory Map of the image

  Image Entry point : 0x080000ed

  Load Region LR_IROM1 (Base: 0x08000000, Size: 0x00001d1c, Max: 0x00010000, ABSOLUTE)

    Execution Region ER_IROM1 (Exec base: 0x08000000, Load base: 0x08000000, Size: 0x00001ce4, Max: 0x00010000, ABSOLUTE)

    Exec Addr    Load Addr    Size         Type   Attr      Idx    E Section Name        Object

    0x08000000   0x08000000   0x000000ec   Data   RO            3    RESET               startup_stm32f10x_md.o
    0x080000ec   0x080000ec   0x00000000   Code   RO         3820  * .ARM.Collect$$$$00000000  mc_w.l(entry.o)
    0x080000ec   0x080000ec   0x00000004   Code   RO         4126    .ARM.Collect$$$$00000001  mc_w.l(entry2.o)
    0x080000f0   0x080000f0   0x00000004   Code   RO         4129    .ARM.Collect$$$$00000004  mc_w.l(entry5.o)
    0x080000f4   0x080000f4   0x00000000   Code   RO         4131    .ARM.Collect$$$$00000008  mc_w.l(entry7b.o)
    0x080000f4   0x080000f4   0x00000000   Code   RO         4133    .ARM.Collect$$$$0000000A  mc_w.l(entry8b.o)
    0x080000f4   0x080000f4   0x00000008   Code   RO         4134    .ARM.Collect$$$$0000000B  mc_w.l(entry9a.o)
    0x080000fc   0x080000fc   0x00000004   Code   RO         4141    .ARM.Collect$$$$0000000E  mc_w.l(entry12b.o)
    0x08000100   0x08000100   0x00000000   Code   RO         4136    .ARM.Collect$$$$0000000F  mc_w.l(entry10a.o)
    0x08000100   0x08000100   0x00000000   Code   RO         4138    .ARM.Collect$$$$00000011  mc_w.l(entry11a.o)
    0x08000100   0x08000100   0x00000004   Code   RO         4127    .ARM.Collect$$$$00002712  mc_w.l(entry2.o)
    0x08000104   0x08000104   0x00000024   Code   RO            4    .text               startup_stm32f10x_md.o
    0x08000128   0x08000128   0x00000064   Code   RO         4090    .text               mf_w.l(fmul.o)
    0x0800018c   0x0800018c   0x0000007c   Code   RO         4092    .text               mf_w.l(fdiv.o)
    0x08000208   0x08000208   0x0000000a   Code   RO         4106    .text               mf_w.l(ffltui.o)
    0x08000212   0x08000212   0x00000002   PAD
    0x08000214   0x08000214   0x00000014   Code   RO         4124    .text               mf_w.l(cfcmple.o)
    0x08000228   0x08000228   0x00000000   Code   RO         4153    .text               mc_w.l(iusefp.o)
    0x08000228   0x08000228   0x0000006e   Code   RO         4154    .text               mf_w.l(fepilogue.o)
    0x08000296   0x08000296   0x00000002   PAD
    0x08000298   0x08000298   0x00000024   Code   RO         4160    .text               mc_w.l(init.o)
    0x080002bc   0x080002bc   0x00000018   Code   RO          183    i.ADC_Cmd           stm32f10x_adc.o
    0x080002d4   0x080002d4   0x00000040   Code   RO         3254    i.ADC_Config        adc.o
    0x08000314   0x08000314   0x00000018   Code   RO          184    i.ADC_DMACmd        stm32f10x_adc.o
    0x0800032c   0x0800032c   0x00000018   Code   RO          188    i.ADC_ExternalTrigConvCmd  stm32f10x_adc.o
    0x08000344   0x08000344   0x0000002c   Code   RO         3255    i.ADC_GPIO_Init     adc.o
    0x08000370   0x08000370   0x0000000e   Code   RO          191    i.ADC_GetCalibrationStatus  stm32f10x_adc.o
    0x0800037e   0x0800037e   0x0000000e   Code   RO          197    i.ADC_GetResetCalibrationStatus  stm32f10x_adc.o
    0x0800038c   0x0800038c   0x00000048   Code   RO          201    i.ADC_Init          stm32f10x_adc.o
    0x080003d4   0x080003d4   0x00000064   Code   RO         3256    i.ADC_Register_Init  adc.o
    0x08000438   0x08000438   0x00000074   Code   RO          205    i.ADC_RegularChannelConfig  stm32f10x_adc.o
    0x080004ac   0x080004ac   0x0000000a   Code   RO          206    i.ADC_ResetCalibration  stm32f10x_adc.o
    0x080004b6   0x080004b6   0x0000000a   Code   RO          210    i.ADC_StartCalibration  stm32f10x_adc.o
    0x080004c0   0x080004c0   0x00000012   Code   RO          211    i.ADC_StructInit    stm32f10x_adc.o
    0x080004d2   0x080004d2   0x00000002   PAD
    0x080004d4   0x080004d4   0x0000001c   Code   RO         3299    i.BASIC_TIM_Config  timbase.o
    0x080004f0   0x080004f0   0x00000002   Code   RO         3172    i.BusFault_Handler  stm32f10x_it.o
    0x080004f2   0x080004f2   0x00000002   PAD
    0x080004f4   0x080004f4   0x00000018   Code   RO          866    i.DMA_ClearFlag     stm32f10x_dma.o
    0x0800050c   0x0800050c   0x0000001a   Code   RO          868    i.DMA_Cmd           stm32f10x_dma.o
    0x08000526   0x08000526   0x00000002   PAD
    0x08000528   0x08000528   0x00000024   Code   RO          871    i.DMA_GetFlagStatus  stm32f10x_dma.o
    0x0800054c   0x0800054c   0x0000003a   Code   RO          874    i.DMA_Init          stm32f10x_dma.o
    0x08000586   0x08000586   0x00000002   PAD
    0x08000588   0x08000588   0x00000060   Code   RO         3257    i.DMA_Register_Init  adc.o
    0x080005e8   0x080005e8   0x0000001a   Code   RO          876    i.DMA_StructInit    stm32f10x_dma.o
    0x08000602   0x08000602   0x00000002   Code   RO         3173    i.DebugMon_Handler  stm32f10x_it.o
    0x08000604   0x08000604   0x000000c0   Code   RO         3258    i.Display_VoltageOfBattery_byLED  adc.o
    0x080006c4   0x080006c4   0x00000030   Code   RO         3174    i.EXTI9_5_IRQHandler  stm32f10x_it.o
    0x080006f4   0x080006f4   0x0000000c   Code   RO          939    i.EXTI_ClearITPendingBit  stm32f10x_exti.o
    0x08000700   0x08000700   0x00000020   Code   RO          943    i.EXTI_GetITStatus  stm32f10x_exti.o
    0x08000720   0x08000720   0x00000074   Code   RO          944    i.EXTI_Init         stm32f10x_exti.o
    0x08000794   0x08000794   0x0000000e   Code   RO          945    i.EXTI_StructInit   stm32f10x_exti.o
    0x080007a2   0x080007a2   0x00000002   PAD
    0x080007a4   0x080007a4   0x00000040   Code   RO         3497    i.Encoder_GPIO_Init  encoder.o
    0x080007e4   0x080007e4   0x0000000e   Code   RO         3498    i.Encoder_Init      encoder.o
    0x080007f2   0x080007f2   0x00000002   PAD
    0x080007f4   0x080007f4   0x000000c4   Code   RO         3499    i.Encoder_TIM_Init  encoder.o
    0x080008b8   0x080008b8   0x00000028   Code   RO         1289    i.GPIO_EXTILineConfig  stm32f10x_gpio.o
    0x080008e0   0x080008e0   0x000000a6   Code   RO         1292    i.GPIO_Init         stm32f10x_gpio.o
    0x08000986   0x08000986   0x00000002   PAD
    0x08000988   0x08000988   0x0000005c   Code   RO         1294    i.GPIO_PinRemapConfig  stm32f10x_gpio.o
    0x080009e4   0x080009e4   0x0000000e   Code   RO         1296    i.GPIO_ReadInputDataBit  stm32f10x_gpio.o
    0x080009f2   0x080009f2   0x00000004   Code   RO         1299    i.GPIO_ResetBits    stm32f10x_gpio.o
    0x080009f6   0x080009f6   0x00000004   Code   RO         1300    i.GPIO_SetBits      stm32f10x_gpio.o
    0x080009fa   0x080009fa   0x00000010   Code   RO         1301    i.GPIO_StructInit   stm32f10x_gpio.o
    0x08000a0a   0x08000a0a   0x00000002   PAD
    0x08000a0c   0x08000a0c   0x00000030   Code   RO         3259    i.Get_VoltageOfBattery  adc.o
    0x08000a3c   0x08000a3c   0x00000002   Code   RO         3175    i.HardFault_Handler  stm32f10x_it.o
    0x08000a3e   0x08000a3e   0x00000002   PAD
    0x08000a40   0x08000a40   0x00000010   Code   RO         3301    i.IncTick           timbase.o
    0x08000a50   0x08000a50   0x00000044   Code   RO         3479    i.LED_GPIO_Config   led.o
    0x08000a94   0x08000a94   0x00000060   Code   RO         3430    i.MOTOR_IN_GPIO_Init  dcmotor_brush_control.o
    0x08000af4   0x08000af4   0x0000004c   Code   RO         3431    i.MOTOR_PWM_GPIO_Init  dcmotor_brush_control.o
    0x08000b40   0x08000b40   0x00000090   Code   RO         3432    i.MOTOR_PWM_TIM_Init  dcmotor_brush_control.o
    0x08000bd0   0x08000bd0   0x00000060   Code   RO         3707    i.MPU6050_EXTI_Init  exti.o
    0x08000c30   0x08000c30   0x00000044   Code   RO         3525    i.MPU_IIC_Ack       mpu_soft_iic.o
    0x08000c74   0x08000c74   0x0000000c   Code   RO         3526    i.MPU_IIC_Delay     mpu_soft_iic.o
    0x08000c80   0x08000c80   0x00000050   Code   RO         3527    i.MPU_IIC_Init      mpu_soft_iic.o
    0x08000cd0   0x08000cd0   0x00000044   Code   RO         3528    i.MPU_IIC_NAck      mpu_soft_iic.o
    0x08000d14   0x08000d14   0x00000064   Code   RO         3529    i.MPU_IIC_Read_Byte  mpu_soft_iic.o
    0x08000d78   0x08000d78   0x00000060   Code   RO         3530    i.MPU_IIC_Send_Byte  mpu_soft_iic.o
    0x08000dd8   0x08000dd8   0x00000044   Code   RO         3531    i.MPU_IIC_Start     mpu_soft_iic.o
    0x08000e1c   0x08000e1c   0x00000044   Code   RO         3532    i.MPU_IIC_Stop      mpu_soft_iic.o
    0x08000e60   0x08000e60   0x0000005c   Code   RO         3533    i.MPU_IIC_Wait_Ack  mpu_soft_iic.o
    0x08000ebc   0x08000ebc   0x00000072   Code   RO         3594    i.MPU_Init          mpu6050.o
    0x08000f2e   0x08000f2e   0x0000003a   Code   RO         3595    i.MPU_Read_Byte     mpu6050.o
    0x08000f68   0x08000f68   0x0000003c   Code   RO         3597    i.MPU_Set_Accel_Fsr  mpu6050.o
    0x08000fa4   0x08000fa4   0x00000044   Code   RO         3598    i.MPU_Set_Gyro_Fsr  mpu6050.o
    0x08000fe8   0x08000fe8   0x00000030   Code   RO         3599    i.MPU_Set_LPF       mpu6050.o
    0x08001018   0x08001018   0x00000034   Code   RO         3600    i.MPU_Set_Rate      mpu6050.o
    0x0800104c   0x0800104c   0x00000044   Code   RO         3601    i.MPU_Write_Byte    mpu6050.o
    0x08001090   0x08001090   0x00000002   Code   RO         3176    i.MemManage_Handler  stm32f10x_it.o
    0x08001092   0x08001092   0x00000016   Code   RO         3433    i.Motor_Init        dcmotor_brush_control.o
    0x080010a8   0x080010a8   0x00000002   Code   RO         3177    i.NMI_Handler       stm32f10x_it.o
    0x080010aa   0x080010aa   0x00000024   Code   RO         3302    i.NVIC_Configuration  timbase.o
    0x080010ce   0x080010ce   0x00000024   Code   RO         3434    i.NVIC_Configuration  dcmotor_brush_control.o
    0x080010f2   0x080010f2   0x00000022   Code   RO         3708    i.NVIC_Configuration  exti.o
    0x08001114   0x08001114   0x00000064   Code   RO          137    i.NVIC_Init         misc.o
    0x08001178   0x08001178   0x00000014   Code   RO          138    i.NVIC_PriorityGroupConfig  misc.o
    0x0800118c   0x0800118c   0x00000002   Code   RO         3178    i.PendSV_Handler    stm32f10x_it.o
    0x0800118e   0x0800118e   0x00000002   PAD
    0x08001190   0x08001190   0x00000014   Code   RO         1706    i.RCC_ADCCLKConfig  stm32f10x_rcc.o
    0x080011a4   0x080011a4   0x0000001c   Code   RO         1707    i.RCC_AHBPeriphClockCmd  stm32f10x_rcc.o
    0x080011c0   0x080011c0   0x0000001c   Code   RO         1708    i.RCC_APB1PeriphClockCmd  stm32f10x_rcc.o
    0x080011dc   0x080011dc   0x0000001c   Code   RO         1710    i.RCC_APB2PeriphClockCmd  stm32f10x_rcc.o
    0x080011f8   0x080011f8   0x000000ac   Code   RO         1718    i.RCC_GetClocksFreq  stm32f10x_rcc.o
    0x080012a4   0x080012a4   0x00000028   Code   RO         1726    i.RCC_LSEConfig     stm32f10x_rcc.o
    0x080012cc   0x080012cc   0x00000002   Code   RO         3179    i.SVC_Handler       stm32f10x_it.o
    0x080012ce   0x080012ce   0x00000004   Code   RO           24    i.SetSysClock       system_stm32f10x.o
    0x080012d2   0x080012d2   0x00000002   PAD
    0x080012d4   0x080012d4   0x000000b0   Code   RO           25    i.SetSysClockTo72   system_stm32f10x.o
    0x08001384   0x08001384   0x0000000c   Code   RO         3603    i.Set_Flags         mpu6050.o
    0x08001390   0x08001390   0x00000002   Code   RO         3180    i.SysTick_Handler   stm32f10x_it.o
    0x08001392   0x08001392   0x00000002   PAD
    0x08001394   0x08001394   0x00000050   Code   RO           27    i.SystemInit        system_stm32f10x.o
    0x080013e4   0x080013e4   0x00000074   Code   RO         2326    i.TI1_Config        stm32f10x_tim.o
    0x08001458   0x08001458   0x0000007c   Code   RO         2327    i.TI2_Config        stm32f10x_tim.o
    0x080014d4   0x080014d4   0x00000078   Code   RO         2328    i.TI3_Config        stm32f10x_tim.o
    0x0800154c   0x0800154c   0x0000007c   Code   RO         2329    i.TI4_Config        stm32f10x_tim.o
    0x080015c8   0x080015c8   0x0000008c   Code   RO         3181    i.TIM1_UP_IRQHandler  stm32f10x_it.o
    0x08001654   0x08001654   0x00000028   Code   RO         3182    i.TIM3_IRQHandler   stm32f10x_it.o
    0x0800167c   0x0800167c   0x00000018   Code   RO         2330    i.TIM_ARRPreloadConfig  stm32f10x_tim.o
    0x08001694   0x08001694   0x00000006   Code   RO         2337    i.TIM_ClearITPendingBit  stm32f10x_tim.o
    0x0800169a   0x0800169a   0x00000018   Code   RO         2342    i.TIM_Cmd           stm32f10x_tim.o
    0x080016b2   0x080016b2   0x0000001c   Code   RO         2344    i.TIM_CtrlPWMOutputs  stm32f10x_tim.o
    0x080016ce   0x080016ce   0x00000032   Code   RO         2351    i.TIM_EncoderInterfaceConfig  stm32f10x_tim.o
    0x08001700   0x08001700   0x00000004   Code   RO         2361    i.TIM_GetCounter    stm32f10x_tim.o
    0x08001704   0x08001704   0x00000018   Code   RO         2363    i.TIM_GetITStatus   stm32f10x_tim.o
    0x0800171c   0x0800171c   0x0000008c   Code   RO         2365    i.TIM_ICInit        stm32f10x_tim.o
    0x080017a8   0x080017a8   0x00000010   Code   RO         2366    i.TIM_ICStructInit  stm32f10x_tim.o
    0x080017b8   0x080017b8   0x00000014   Code   RO         2367    i.TIM_ITConfig      stm32f10x_tim.o
    0x080017cc   0x080017cc   0x0000000a   Code   RO         2369    i.TIM_InternalClockConfig  stm32f10x_tim.o
    0x080017d6   0x080017d6   0x00000002   PAD
    0x080017d8   0x080017d8   0x00000088   Code   RO         2371    i.TIM_OC1Init       stm32f10x_tim.o
    0x08001860   0x08001860   0x0000000c   Code   RO         2374    i.TIM_OC1PreloadConfig  stm32f10x_tim.o
    0x0800186c   0x0800186c   0x00000068   Code   RO         2386    i.TIM_OC4Init       stm32f10x_tim.o
    0x080018d4   0x080018d4   0x00000014   Code   RO         2388    i.TIM_OC4PreloadConfig  stm32f10x_tim.o
    0x080018e8   0x080018e8   0x00000014   Code   RO         2389    i.TIM_OCStructInit  stm32f10x_tim.o
    0x080018fc   0x080018fc   0x00000058   Code   RO         3303    i.TIM_Register_Init  timbase.o
    0x08001954   0x08001954   0x00000010   Code   RO         2399    i.TIM_SelectOutputTrigger  stm32f10x_tim.o
    0x08001964   0x08001964   0x00000004   Code   RO         2407    i.TIM_SetCounter    stm32f10x_tim.o
    0x08001968   0x08001968   0x00000010   Code   RO         2408    i.TIM_SetIC1Prescaler  stm32f10x_tim.o
    0x08001978   0x08001978   0x00000018   Code   RO         2409    i.TIM_SetIC2Prescaler  stm32f10x_tim.o
    0x08001990   0x08001990   0x00000010   Code   RO         2410    i.TIM_SetIC3Prescaler  stm32f10x_tim.o
    0x080019a0   0x080019a0   0x00000018   Code   RO         2411    i.TIM_SetIC4Prescaler  stm32f10x_tim.o
    0x080019b8   0x080019b8   0x0000009c   Code   RO         2413    i.TIM_TimeBaseInit  stm32f10x_tim.o
    0x08001a54   0x08001a54   0x00000012   Code   RO         2414    i.TIM_TimeBaseStructInit  stm32f10x_tim.o
    0x08001a66   0x08001a66   0x00000002   PAD
    0x08001a68   0x08001a68   0x0000001c   Code   RO         3354    i.USART1_Config     usart.o
    0x08001a84   0x08001a84   0x00000048   Code   RO         3355    i.USART1_GPIO_Init  usart.o
    0x08001acc   0x08001acc   0x0000003c   Code   RO         3356    i.USART1_Register_Init  usart.o
    0x08001b08   0x08001b08   0x00000018   Code   RO         2878    i.USART_Cmd         stm32f10x_usart.o
    0x08001b20   0x08001b20   0x000000bc   Code   RO         2885    i.USART_Init        stm32f10x_usart.o
    0x08001bdc   0x08001bdc   0x00000016   Code   RO         2901    i.USART_StructInit  stm32f10x_usart.o
    0x08001bf2   0x08001bf2   0x00000002   Code   RO         3183    i.UsageFault_Handler  stm32f10x_it.o
    0x08001bf4   0x08001bf4   0x0000000e   Code   RO         4164    i.__scatterload_copy  mc_w.l(handlers.o)
    0x08001c02   0x08001c02   0x00000002   Code   RO         4165    i.__scatterload_null  mc_w.l(handlers.o)
    0x08001c04   0x08001c04   0x0000000e   Code   RO         4166    i.__scatterload_zeroinit  mc_w.l(handlers.o)
    0x08001c12   0x08001c12   0x00000042   Code   RO         3108    i.main              main.o
    0x08001c54   0x08001c54   0x0000001a   Code   RO         3304    i.mdelay            timbase.o
    0x08001c6e   0x08001c6e   0x00000002   PAD
    0x08001c70   0x08001c70   0x00000054   Code   RO         3306    i.udelay            timbase.o
    0x08001cc4   0x08001cc4   0x00000020   Data   RO         4162    Region$$Table       anon$$obj.o


    Execution Region RW_IRAM1 (Exec base: 0x20000000, Load base: 0x08001ce4, Size: 0x00000438, Max: 0x00005000, ABSOLUTE)

    Exec Addr    Load Addr    Size         Type   Attr      Idx    E Section Name        Object

    0x20000000   0x08001ce4   0x00000014   Data   RW         1738    .data               stm32f10x_rcc.o
    0x20000014   0x08001cf8   0x00000004   Data   RW         3184    .data               stm32f10x_it.o
    0x20000018   0x08001cfc   0x00000002   Data   RW         3260    .data               adc.o
    0x2000001a   0x08001cfe   0x00000002   PAD
    0x2000001c   0x08001d00   0x00000004   Data   RW         3307    .data               timbase.o
    0x20000020   0x08001d04   0x00000001   Data   RW         3480    .data               led.o
    0x20000021   0x08001d05   0x00000003   PAD
    0x20000024   0x08001d08   0x00000014   Data   RW         3604    .data               mpu6050.o
    0x20000038        -       0x00000400   Zero   RW            1    STACK               startup_stm32f10x_md.o


==============================================================================

Image component sizes


      Code (inc. data)   RO Data    RW Data    ZI Data      Debug   Object Name

       544         74          0          2          0       4094   adc.o
         0          0          0          0          0       4508   core_cm3.o
       374         16          0          0          0       2921   dcmotor_brush_control.o
       274         14          0          0          0       1687   encoder.o
       130          6          0          0          0       1084   exti.o
        68          6          0          1          0        813   led.o
        66          0          0          0          0        511   main.o
       120         14          0          0          0       1823   misc.o
       480         20          0         20          0       6362   mpu6050.o
       652         38          0          0          0       5286   mpu_soft_iic.o
        36          8        236          0       1024        888   startup_stm32f10x_md.o
       326         10          0          0          0       9045   stm32f10x_adc.o
       170         18          0          0          0       4970   stm32f10x_dma.o
       174         16          0          0          0       3158   stm32f10x_exti.o
       336         12          0          0          0       6342   stm32f10x_gpio.o
       246         34          0          4          0       5846   stm32f10x_it.o
       316         48          0         20          0       6857   stm32f10x_rcc.o
      1396        180          0          0          0      20863   stm32f10x_tim.o
       234          6          0          0          0       3872   stm32f10x_usart.o
       260         26          0          0          0     270737   system_stm32f10x.o
       278         20          0          4          0       3840   timbase.o
       160         14          0          0          0       1524   usart.o

    ----------------------------------------------------------------------
      6670        580        268         56       1024     367031   Object Totals
         0          0         32          0          0          0   (incl. Generated)
        30          0          0          5          0          0   (incl. Padding)

    ----------------------------------------------------------------------

      Code (inc. data)   RO Data    RW Data    ZI Data      Debug   Library Member Name

         0          0          0          0          0          0   entry.o
         0          0          0          0          0          0   entry10a.o
         0          0          0          0          0          0   entry11a.o
         4          0          0          0          0          0   entry12b.o
         8          4          0          0          0          0   entry2.o
         4          0          0          0          0          0   entry5.o
         0          0          0          0          0          0   entry7b.o
         0          0          0          0          0          0   entry8b.o
         8          4          0          0          0          0   entry9a.o
        30          0          0          0          0          0   handlers.o
        36          8          0          0          0         68   init.o
         0          0          0          0          0          0   iusefp.o
        20          0          0          0          0         68   cfcmple.o
       124          0          0          0          0         88   fdiv.o
       110          0          0          0          0        168   fepilogue.o
        10          0          0          0          0         68   ffltui.o
       100          0          0          0          0         76   fmul.o

    ----------------------------------------------------------------------
       458         16          0          0          0        536   Library Totals
         4          0          0          0          0          0   (incl. Padding)

    ----------------------------------------------------------------------

      Code (inc. data)   RO Data    RW Data    ZI Data      Debug   Library Name

        90         16          0          0          0         68   mc_w.l
       364          0          0          0          0        468   mf_w.l

    ----------------------------------------------------------------------
       458         16          0          0          0        536   Library Totals

    ----------------------------------------------------------------------

==============================================================================


      Code (inc. data)   RO Data    RW Data    ZI Data      Debug   

      7128        596        268         56       1024     361323   Grand Totals
      7128        596        268         56       1024     361323   ELF Image Totals
      7128        596        268         56          0          0   ROM Totals

==============================================================================

    Total RO  Size (Code + RO Data)                 7396 (   7.22kB)
    Total RW  Size (RW Data + ZI Data)              1080 (   1.05kB)
    Total ROM Size (Code + RO Data + RW Data)       7452 (   7.28kB)

==============================================================================

